

================================================================
== Vivado HLS Report for 'dense_latency_0_0_0_0_0_0_0_0_0_0_0_0_0_0_0_0_0_0_0_0_0_0_0_0_0_0_0_0_0_0_0_0_0_s'
================================================================
* Date:           Mon Apr 22 19:29:24 2024

* Version:        2018.2 (Build 2258646 on Thu Jun 14 20:25:20 MDT 2018)
* Project:        myproject_prj
* Solution:       solution1
* Product family: artix7
* Target device:  xc7a200tsbv484-2


================================================================
== Performance Estimates
================================================================
+ Timing (ns): 
    * Summary: 
    +--------+-------+----------+------------+
    |  Clock | Target| Estimated| Uncertainty|
    +--------+-------+----------+------------+
    |ap_clk  |  10.00|     6.350|        1.25|
    +--------+-------+----------+------------+

+ Latency (clock cycles): 
    * Summary: 
    +-------+-------+-------+-------+---------+
    |    Latency    |    Interval   | Pipeline|
    |  min  |  max  |  min  |  max  |   Type  |
    +-------+-------+-------+-------+---------+
    |  25092|  25092|  25092|  25092|   none  |
    +-------+-------+-------+-------+---------+

    + Detail: 
        * Instance: 
        N/A

        * Loop: 
        +--------------+-------+-------+----------+-----------+-----------+------+----------+
        |              |    Latency    | Iteration|  Initiation Interval  | Trip |          |
        |   Loop Name  |  min  |  max  |  Latency |  achieved |   target  | Count| Pipelined|
        +--------------+-------+-------+----------+-----------+-----------+------+----------+
        |- Product1    |  16512|  16512|       258|          -|          -|    64|    no    |
        | + Product2   |    256|    256|         4|          -|          -|    64|    no    |
        |- ResetAccum  |    128|    128|         2|          -|          -|    64|    no    |
        |- Accum1      |   8320|   8320|       130|          -|          -|    64|    no    |
        | + Accum2     |    128|    128|         2|          -|          -|    64|    no    |
        |- Result      |    128|    128|         2|          -|          -|    64|    no    |
        +--------------+-------+-------+----------+-----------+-----------+------+----------+



================================================================
== Utilization Estimates
================================================================
* Summary: 
+-----------------+---------+-------+--------+--------+
|       Name      | BRAM_18K| DSP48E|   FF   |   LUT  |
+-----------------+---------+-------+--------+--------+
|DSP              |        -|      1|       -|       -|
|Expression       |        -|      -|       0|     217|
|FIFO             |        -|      -|       -|       -|
|Instance         |        -|      -|       0|    1092|
|Memory           |        8|      -|       0|       0|
|Multiplexer      |        -|      -|       -|     704|
|Register         |        -|      -|    3255|       -|
+-----------------+---------+-------+--------+--------+
|Total            |        8|      1|    3255|    2013|
+-----------------+---------+-------+--------+--------+
|Available        |      730|    740|  269200|  129000|
+-----------------+---------+-------+--------+--------+
|Utilization (%)  |        1|   ~0  |       1|       1|
+-----------------+---------+-------+--------+--------+

+ Detail: 
    * Instance: 
    +--------------------------------+----------------------------+---------+-------+---+-----+
    |            Instance            |           Module           | BRAM_18K| DSP48E| FF| LUT |
    +--------------------------------+----------------------------+---------+-------+---+-----+
    |myproject_mux_646_16_1_1_U75    |myproject_mux_646_16_1_1    |        0|      0|  0|  273|
    |myproject_mux_646_16_1_1_U77    |myproject_mux_646_16_1_1    |        0|      0|  0|  273|
    |myproject_mux_646_16_1_1_U78    |myproject_mux_646_16_1_1    |        0|      0|  0|  273|
    |myproject_mux_646_16_1_1_x_U76  |myproject_mux_646_16_1_1_x  |        0|      0|  0|  273|
    +--------------------------------+----------------------------+---------+-------+---+-----+
    |Total                           |                            |        0|      0|  0| 1092|
    +--------------------------------+----------------------------+---------+-------+---+-----+

    * DSP48: 
    +--------------------------------------+----------------------------------+-----------+
    |               Instance               |              Module              | Expression|
    +--------------------------------------+----------------------------------+-----------+
    |myproject_mul_mul_16s_14s_26_1_1_U79  |myproject_mul_mul_16s_14s_26_1_1  |  i0 * i1  |
    +--------------------------------------+----------------------------------+-----------+

    * Memory: 
    +----------+----------------------------------------------------------------------------------+---------+---+----+------+-----+------+-------------+
    |  Memory  |                                      Module                                      | BRAM_18K| FF| LUT| Words| Bits| Banks| W*Bits*Banks|
    +----------+----------------------------------------------------------------------------------+---------+---+----+------+-----+------+-------------+
    |w4_V_U    |dense_latency_0_0_0_0_0_0_0_0_0_0_0_0_0_0_0_0_0_0_0_0_0_0_0_0_0_0_0_0_0_0_0_0dEe  |        4|  0|   0|  4096|   14|     1|        57344|
    |mult_V_U  |dense_latency_0_0_0_0_0_0_0_0_0_0_0_0_0_0_0_0_0_0_0_0_0_0_0_0_0_0_0_0_0_0_0_0eOg  |        4|  0|   0|  4096|   16|     1|        65536|
    +----------+----------------------------------------------------------------------------------+---------+---+----+------+-----+------+-------------+
    |Total     |                                                                                  |        8|  0|   0|  8192|   30|     2|       122880|
    +----------+----------------------------------------------------------------------------------+---------+---+----+------+-----+------+-------------+

    * FIFO: 
    N/A

    * Expression: 
    +----------------------+----------+-------+---+----+------------+------------+
    |     Variable Name    | Operation| DSP48E| FF| LUT| Bitwidth P0| Bitwidth P1|
    +----------------------+----------+-------+---+----+------------+------------+
    |acc_0_V_2_fu_3177_p2  |     +    |      0|  0|  23|          16|          16|
    |iacc_1_fu_2206_p2     |     +    |      0|  0|  15|           7|           1|
    |ii_1_fu_1878_p2       |     +    |      0|  0|  15|           7|           1|
    |ii_2_fu_2996_p2       |     +    |      0|  0|  15|           7|           1|
    |index_1_fu_3030_p2    |     +    |      0|  0|  19|          12|          12|
    |index_fu_1986_p2      |     +    |      0|  0|  19|          12|          12|
    |ires_1_fu_3509_p2     |     +    |      0|  0|  15|           7|           1|
    |jj_1_fu_1980_p2       |     +    |      0|  0|  15|           7|           1|
    |jj_2_fu_3024_p2       |     +    |      0|  0|  15|           7|           1|
    |tmp_11_fu_3018_p2     |   icmp   |      0|  0|  11|           7|           8|
    |tmp_2_fu_2990_p2      |   icmp   |      0|  0|  11|           7|           8|
    |tmp_3_fu_1974_p2      |   icmp   |      0|  0|  11|           7|           8|
    |tmp_4_fu_3503_p2      |   icmp   |      0|  0|  11|           7|           8|
    |tmp_fu_1872_p2        |   icmp   |      0|  0|  11|           7|           8|
    |tmp_s_fu_2200_p2      |   icmp   |      0|  0|  11|           7|           8|
    +----------------------+----------+-------+---+----+------------+------------+
    |Total                 |          |      0|  0| 217|         124|          94|
    +----------------------+----------+-------+---+----+------------+------------+

    * Multiplexer: 
    +---------------------+----+-----------+-----+-----------+
    |         Name        | LUT| Input Size| Bits| Total Bits|
    +---------------------+----+-----------+-----+-----------+
    |acc_63_V_193_fu_686  |   9|          2|   16|         32|
    |acc_63_V_194_fu_690  |   9|          2|   16|         32|
    |acc_63_V_195_fu_694  |   9|          2|   16|         32|
    |acc_63_V_196_fu_698  |   9|          2|   16|         32|
    |acc_63_V_197_fu_702  |   9|          2|   16|         32|
    |acc_63_V_198_fu_706  |   9|          2|   16|         32|
    |acc_63_V_199_fu_710  |   9|          2|   16|         32|
    |acc_63_V_200_fu_714  |   9|          2|   16|         32|
    |acc_63_V_201_fu_718  |   9|          2|   16|         32|
    |acc_63_V_202_fu_722  |   9|          2|   16|         32|
    |acc_63_V_203_fu_726  |   9|          2|   16|         32|
    |acc_63_V_204_fu_730  |   9|          2|   16|         32|
    |acc_63_V_205_fu_734  |   9|          2|   16|         32|
    |acc_63_V_206_fu_738  |   9|          2|   16|         32|
    |acc_63_V_207_fu_742  |   9|          2|   16|         32|
    |acc_63_V_208_fu_746  |   9|          2|   16|         32|
    |acc_63_V_209_fu_750  |   9|          2|   16|         32|
    |acc_63_V_210_fu_754  |   9|          2|   16|         32|
    |acc_63_V_211_fu_758  |   9|          2|   16|         32|
    |acc_63_V_212_fu_762  |   9|          2|   16|         32|
    |acc_63_V_213_fu_766  |   9|          2|   16|         32|
    |acc_63_V_214_fu_770  |   9|          2|   16|         32|
    |acc_63_V_215_fu_774  |   9|          2|   16|         32|
    |acc_63_V_216_fu_778  |   9|          2|   16|         32|
    |acc_63_V_217_fu_782  |   9|          2|   16|         32|
    |acc_63_V_218_fu_786  |   9|          2|   16|         32|
    |acc_63_V_219_fu_790  |   9|          2|   16|         32|
    |acc_63_V_220_fu_794  |   9|          2|   16|         32|
    |acc_63_V_221_fu_798  |   9|          2|   16|         32|
    |acc_63_V_222_fu_802  |   9|          2|   16|         32|
    |acc_63_V_223_fu_806  |   9|          2|   16|         32|
    |acc_63_V_224_fu_810  |   9|          2|   16|         32|
    |acc_63_V_225_fu_814  |   9|          2|   16|         32|
    |acc_63_V_226_fu_818  |   9|          2|   16|         32|
    |acc_63_V_227_fu_822  |   9|          2|   16|         32|
    |acc_63_V_228_fu_826  |   9|          2|   16|         32|
    |acc_63_V_229_fu_830  |   9|          2|   16|         32|
    |acc_63_V_230_fu_834  |   9|          2|   16|         32|
    |acc_63_V_231_fu_838  |   9|          2|   16|         32|
    |acc_63_V_232_fu_842  |   9|          2|   16|         32|
    |acc_63_V_233_fu_846  |   9|          2|   16|         32|
    |acc_63_V_234_fu_850  |   9|          2|   16|         32|
    |acc_63_V_235_fu_854  |   9|          2|   16|         32|
    |acc_63_V_236_fu_858  |   9|          2|   16|         32|
    |acc_63_V_237_fu_862  |   9|          2|   16|         32|
    |acc_63_V_238_fu_866  |   9|          2|   16|         32|
    |acc_63_V_239_fu_870  |   9|          2|   16|         32|
    |acc_63_V_240_fu_874  |   9|          2|   16|         32|
    |acc_63_V_241_fu_878  |   9|          2|   16|         32|
    |acc_63_V_242_fu_882  |   9|          2|   16|         32|
    |acc_63_V_243_fu_886  |   9|          2|   16|         32|
    |acc_63_V_244_fu_890  |   9|          2|   16|         32|
    |acc_63_V_245_fu_894  |   9|          2|   16|         32|
    |acc_63_V_246_fu_898  |   9|          2|   16|         32|
    |acc_63_V_247_fu_902  |   9|          2|   16|         32|
    |acc_63_V_248_fu_906  |   9|          2|   16|         32|
    |acc_63_V_249_fu_910  |   9|          2|   16|         32|
    |acc_63_V_250_fu_914  |   9|          2|   16|         32|
    |acc_63_V_251_fu_918  |   9|          2|   16|         32|
    |acc_63_V_252_fu_922  |   9|          2|   16|         32|
    |acc_63_V_253_fu_926  |   9|          2|   16|         32|
    |acc_63_V_254_fu_930  |   9|          2|   16|         32|
    |acc_63_V_255_fu_934  |   9|          2|   16|         32|
    |acc_63_V_2_fu_938    |   9|          2|   16|         32|
    |ap_NS_fsm            |  59|         14|    1|         14|
    |iacc_reg_1636        |   9|          2|    7|         14|
    |ii2_reg_1647         |   9|          2|    7|         14|
    |ii_reg_1614          |   9|          2|    7|         14|
    |ires_reg_1669        |   9|          2|    7|         14|
    |jj3_reg_1658         |   9|          2|    7|         14|
    |jj_reg_1625          |   9|          2|    7|         14|
    |mult_V_address0      |  15|          3|   12|         36|
    +---------------------+----+-----------+-----+-----------+
    |Total                | 704|        157| 1079|       2182|
    +---------------------+----+-----------+-----+-----------+

    * Register: 
    +-------------------------------+----+----+-----+-----------+
    |              Name             | FF | LUT| Bits| Const Bits|
    +-------------------------------+----+----+-----+-----------+
    |OP1_V_cast_reg_4888            |  26|   0|   26|          0|
    |acc_63_V_130_fu_430            |  16|   0|   16|          0|
    |acc_63_V_131_fu_434            |  16|   0|   16|          0|
    |acc_63_V_132_fu_438            |  16|   0|   16|          0|
    |acc_63_V_133_fu_442            |  16|   0|   16|          0|
    |acc_63_V_134_fu_446            |  16|   0|   16|          0|
    |acc_63_V_135_fu_450            |  16|   0|   16|          0|
    |acc_63_V_136_fu_454            |  16|   0|   16|          0|
    |acc_63_V_137_fu_458            |  16|   0|   16|          0|
    |acc_63_V_138_fu_462            |  16|   0|   16|          0|
    |acc_63_V_139_fu_466            |  16|   0|   16|          0|
    |acc_63_V_140_fu_470            |  16|   0|   16|          0|
    |acc_63_V_141_fu_474            |  16|   0|   16|          0|
    |acc_63_V_142_fu_478            |  16|   0|   16|          0|
    |acc_63_V_143_fu_482            |  16|   0|   16|          0|
    |acc_63_V_144_fu_486            |  16|   0|   16|          0|
    |acc_63_V_145_fu_490            |  16|   0|   16|          0|
    |acc_63_V_146_fu_494            |  16|   0|   16|          0|
    |acc_63_V_147_fu_498            |  16|   0|   16|          0|
    |acc_63_V_148_fu_502            |  16|   0|   16|          0|
    |acc_63_V_149_fu_506            |  16|   0|   16|          0|
    |acc_63_V_150_fu_510            |  16|   0|   16|          0|
    |acc_63_V_151_fu_514            |  16|   0|   16|          0|
    |acc_63_V_152_fu_518            |  16|   0|   16|          0|
    |acc_63_V_153_fu_522            |  16|   0|   16|          0|
    |acc_63_V_154_fu_526            |  16|   0|   16|          0|
    |acc_63_V_155_fu_530            |  16|   0|   16|          0|
    |acc_63_V_156_fu_534            |  16|   0|   16|          0|
    |acc_63_V_157_fu_538            |  16|   0|   16|          0|
    |acc_63_V_158_fu_542            |  16|   0|   16|          0|
    |acc_63_V_159_fu_546            |  16|   0|   16|          0|
    |acc_63_V_160_fu_550            |  16|   0|   16|          0|
    |acc_63_V_161_fu_554            |  16|   0|   16|          0|
    |acc_63_V_162_fu_558            |  16|   0|   16|          0|
    |acc_63_V_163_fu_562            |  16|   0|   16|          0|
    |acc_63_V_164_fu_566            |  16|   0|   16|          0|
    |acc_63_V_165_fu_570            |  16|   0|   16|          0|
    |acc_63_V_166_fu_574            |  16|   0|   16|          0|
    |acc_63_V_167_fu_578            |  16|   0|   16|          0|
    |acc_63_V_168_fu_582            |  16|   0|   16|          0|
    |acc_63_V_169_fu_586            |  16|   0|   16|          0|
    |acc_63_V_170_fu_590            |  16|   0|   16|          0|
    |acc_63_V_171_fu_594            |  16|   0|   16|          0|
    |acc_63_V_172_fu_598            |  16|   0|   16|          0|
    |acc_63_V_173_fu_602            |  16|   0|   16|          0|
    |acc_63_V_174_fu_606            |  16|   0|   16|          0|
    |acc_63_V_175_fu_610            |  16|   0|   16|          0|
    |acc_63_V_176_fu_614            |  16|   0|   16|          0|
    |acc_63_V_177_fu_618            |  16|   0|   16|          0|
    |acc_63_V_178_fu_622            |  16|   0|   16|          0|
    |acc_63_V_179_fu_626            |  16|   0|   16|          0|
    |acc_63_V_180_fu_630            |  16|   0|   16|          0|
    |acc_63_V_181_fu_634            |  16|   0|   16|          0|
    |acc_63_V_182_fu_638            |  16|   0|   16|          0|
    |acc_63_V_183_fu_642            |  16|   0|   16|          0|
    |acc_63_V_184_fu_646            |  16|   0|   16|          0|
    |acc_63_V_185_fu_650            |  16|   0|   16|          0|
    |acc_63_V_186_fu_654            |  16|   0|   16|          0|
    |acc_63_V_187_fu_658            |  16|   0|   16|          0|
    |acc_63_V_188_fu_662            |  16|   0|   16|          0|
    |acc_63_V_189_fu_666            |  16|   0|   16|          0|
    |acc_63_V_190_fu_670            |  16|   0|   16|          0|
    |acc_63_V_191_fu_674            |  16|   0|   16|          0|
    |acc_63_V_192_fu_678            |  16|   0|   16|          0|
    |acc_63_V_193_fu_686            |  16|   0|   16|          0|
    |acc_63_V_194_fu_690            |  16|   0|   16|          0|
    |acc_63_V_195_fu_694            |  16|   0|   16|          0|
    |acc_63_V_196_fu_698            |  16|   0|   16|          0|
    |acc_63_V_197_fu_702            |  16|   0|   16|          0|
    |acc_63_V_198_fu_706            |  16|   0|   16|          0|
    |acc_63_V_199_fu_710            |  16|   0|   16|          0|
    |acc_63_V_200_fu_714            |  16|   0|   16|          0|
    |acc_63_V_201_fu_718            |  16|   0|   16|          0|
    |acc_63_V_202_fu_722            |  16|   0|   16|          0|
    |acc_63_V_203_fu_726            |  16|   0|   16|          0|
    |acc_63_V_204_fu_730            |  16|   0|   16|          0|
    |acc_63_V_205_fu_734            |  16|   0|   16|          0|
    |acc_63_V_206_fu_738            |  16|   0|   16|          0|
    |acc_63_V_207_fu_742            |  16|   0|   16|          0|
    |acc_63_V_208_fu_746            |  16|   0|   16|          0|
    |acc_63_V_209_fu_750            |  16|   0|   16|          0|
    |acc_63_V_210_fu_754            |  16|   0|   16|          0|
    |acc_63_V_211_fu_758            |  16|   0|   16|          0|
    |acc_63_V_212_fu_762            |  16|   0|   16|          0|
    |acc_63_V_213_fu_766            |  16|   0|   16|          0|
    |acc_63_V_214_fu_770            |  16|   0|   16|          0|
    |acc_63_V_215_fu_774            |  16|   0|   16|          0|
    |acc_63_V_216_fu_778            |  16|   0|   16|          0|
    |acc_63_V_217_fu_782            |  16|   0|   16|          0|
    |acc_63_V_218_fu_786            |  16|   0|   16|          0|
    |acc_63_V_219_fu_790            |  16|   0|   16|          0|
    |acc_63_V_220_fu_794            |  16|   0|   16|          0|
    |acc_63_V_221_fu_798            |  16|   0|   16|          0|
    |acc_63_V_222_fu_802            |  16|   0|   16|          0|
    |acc_63_V_223_fu_806            |  16|   0|   16|          0|
    |acc_63_V_224_fu_810            |  16|   0|   16|          0|
    |acc_63_V_225_fu_814            |  16|   0|   16|          0|
    |acc_63_V_226_fu_818            |  16|   0|   16|          0|
    |acc_63_V_227_fu_822            |  16|   0|   16|          0|
    |acc_63_V_228_fu_826            |  16|   0|   16|          0|
    |acc_63_V_229_fu_830            |  16|   0|   16|          0|
    |acc_63_V_230_fu_834            |  16|   0|   16|          0|
    |acc_63_V_231_fu_838            |  16|   0|   16|          0|
    |acc_63_V_232_fu_842            |  16|   0|   16|          0|
    |acc_63_V_233_fu_846            |  16|   0|   16|          0|
    |acc_63_V_234_fu_850            |  16|   0|   16|          0|
    |acc_63_V_235_fu_854            |  16|   0|   16|          0|
    |acc_63_V_236_fu_858            |  16|   0|   16|          0|
    |acc_63_V_237_fu_862            |  16|   0|   16|          0|
    |acc_63_V_238_fu_866            |  16|   0|   16|          0|
    |acc_63_V_239_fu_870            |  16|   0|   16|          0|
    |acc_63_V_240_fu_874            |  16|   0|   16|          0|
    |acc_63_V_241_fu_878            |  16|   0|   16|          0|
    |acc_63_V_242_fu_882            |  16|   0|   16|          0|
    |acc_63_V_243_fu_886            |  16|   0|   16|          0|
    |acc_63_V_244_fu_890            |  16|   0|   16|          0|
    |acc_63_V_245_fu_894            |  16|   0|   16|          0|
    |acc_63_V_246_fu_898            |  16|   0|   16|          0|
    |acc_63_V_247_fu_902            |  16|   0|   16|          0|
    |acc_63_V_248_fu_906            |  16|   0|   16|          0|
    |acc_63_V_249_fu_910            |  16|   0|   16|          0|
    |acc_63_V_250_fu_914            |  16|   0|   16|          0|
    |acc_63_V_251_fu_918            |  16|   0|   16|          0|
    |acc_63_V_252_fu_922            |  16|   0|   16|          0|
    |acc_63_V_253_fu_926            |  16|   0|   16|          0|
    |acc_63_V_254_fu_930            |  16|   0|   16|          0|
    |acc_63_V_255_fu_934            |  16|   0|   16|          0|
    |acc_63_V_2_fu_938              |  16|   0|   16|          0|
    |acc_63_V_fu_682                |  16|   0|   16|          0|
    |ap_CS_fsm                      |  13|   0|   13|          0|
    |iacc_1_reg_5308                |   7|   0|    7|          0|
    |iacc_reg_1636                  |   7|   0|    7|          0|
    |ii2_reg_1647                   |   7|   0|    7|          0|
    |ii_1_reg_4878                  |   7|   0|    7|          0|
    |ii_2_reg_5767                  |   7|   0|    7|          0|
    |ii_reg_1614                    |   7|   0|    7|          0|
    |ires_1_reg_6182                |   7|   0|    7|          0|
    |ires_reg_1669                  |   7|   0|    7|          0|
    |jj3_reg_1658                   |   7|   0|    7|          0|
    |jj_1_reg_5280                  |   7|   0|    7|          0|
    |jj_2_reg_6164                  |   7|   0|    7|          0|
    |jj_reg_1625                    |   7|   0|    7|          0|
    |res_0_V_write_assign_fu_1086   |  16|   0|   16|          0|
    |res_10_V_write_assign_fu_1190  |  16|   0|   16|          0|
    |res_11_V_write_assign_fu_1186  |  16|   0|   16|          0|
    |res_12_V_write_assign_fu_1178  |  16|   0|   16|          0|
    |res_13_V_write_assign_fu_1174  |  16|   0|   16|          0|
    |res_14_V_write_assign_fu_1166  |  16|   0|   16|          0|
    |res_15_V_write_assign_fu_1162  |  16|   0|   16|          0|
    |res_16_V_write_assign_fu_1154  |  16|   0|   16|          0|
    |res_17_V_write_assign_fu_1150  |  16|   0|   16|          0|
    |res_18_V_write_assign_fu_1142  |  16|   0|   16|          0|
    |res_19_V_write_assign_fu_1138  |  16|   0|   16|          0|
    |res_1_V_write_assign_fu_1098   |  16|   0|   16|          0|
    |res_20_V_write_assign_fu_1130  |  16|   0|   16|          0|
    |res_21_V_write_assign_fu_1126  |  16|   0|   16|          0|
    |res_22_V_write_assign_fu_1118  |  16|   0|   16|          0|
    |res_23_V_write_assign_fu_1114  |  16|   0|   16|          0|
    |res_24_V_write_assign_fu_1106  |  16|   0|   16|          0|
    |res_25_V_write_assign_fu_1102  |  16|   0|   16|          0|
    |res_26_V_write_assign_fu_1094  |  16|   0|   16|          0|
    |res_27_V_write_assign_fu_1090  |  16|   0|   16|          0|
    |res_28_V_write_assign_fu_1082  |  16|   0|   16|          0|
    |res_29_V_write_assign_fu_1078  |  16|   0|   16|          0|
    |res_2_V_write_assign_fu_1110   |  16|   0|   16|          0|
    |res_30_V_write_assign_fu_946   |  16|   0|   16|          0|
    |res_31_V_write_assign_fu_958   |  16|   0|   16|          0|
    |res_32_V_write_assign_fu_970   |  16|   0|   16|          0|
    |res_33_V_write_assign_fu_982   |  16|   0|   16|          0|
    |res_34_V_write_assign_fu_994   |  16|   0|   16|          0|
    |res_35_V_write_assign_fu_1006  |  16|   0|   16|          0|
    |res_36_V_write_assign_fu_1018  |  16|   0|   16|          0|
    |res_37_V_write_assign_fu_1030  |  16|   0|   16|          0|
    |res_38_V_write_assign_fu_1042  |  16|   0|   16|          0|
    |res_39_V_write_assign_fu_1054  |  16|   0|   16|          0|
    |res_3_V_write_assign_fu_1122   |  16|   0|   16|          0|
    |res_40_V_write_assign_fu_1066  |  16|   0|   16|          0|
    |res_41_V_write_assign_fu_1074  |  16|   0|   16|          0|
    |res_42_V_write_assign_fu_1070  |  16|   0|   16|          0|
    |res_43_V_write_assign_fu_1062  |  16|   0|   16|          0|
    |res_44_V_write_assign_fu_1058  |  16|   0|   16|          0|
    |res_45_V_write_assign_fu_1050  |  16|   0|   16|          0|
    |res_46_V_write_assign_fu_1046  |  16|   0|   16|          0|
    |res_47_V_write_assign_fu_1038  |  16|   0|   16|          0|
    |res_48_V_write_assign_fu_1034  |  16|   0|   16|          0|
    |res_49_V_write_assign_fu_1026  |  16|   0|   16|          0|
    |res_4_V_write_assign_fu_1134   |  16|   0|   16|          0|
    |res_50_V_write_assign_fu_1022  |  16|   0|   16|          0|
    |res_51_V_write_assign_fu_1014  |  16|   0|   16|          0|
    |res_52_V_write_assign_fu_1010  |  16|   0|   16|          0|
    |res_53_V_write_assign_fu_1002  |  16|   0|   16|          0|
    |res_54_V_write_assign_fu_998   |  16|   0|   16|          0|
    |res_55_V_write_assign_fu_990   |  16|   0|   16|          0|
    |res_56_V_write_assign_fu_986   |  16|   0|   16|          0|
    |res_57_V_write_assign_fu_978   |  16|   0|   16|          0|
    |res_58_V_write_assign_fu_974   |  16|   0|   16|          0|
    |res_59_V_write_assign_fu_966   |  16|   0|   16|          0|
    |res_5_V_write_assign_fu_1146   |  16|   0|   16|          0|
    |res_60_V_write_assign_fu_962   |  16|   0|   16|          0|
    |res_61_V_write_assign_fu_954   |  16|   0|   16|          0|
    |res_62_V_write_assign_fu_950   |  16|   0|   16|          0|
    |res_63_V_write_assign_fu_942   |  16|   0|   16|          0|
    |res_6_V_write_assign_fu_1158   |  16|   0|   16|          0|
    |res_7_V_write_assign_fu_1170   |  16|   0|   16|          0|
    |res_8_V_write_assign_fu_1182   |  16|   0|   16|          0|
    |res_9_V_write_assign_fu_1194   |  16|   0|   16|          0|
    |tmp_156_reg_6169               |   6|   0|    6|          0|
    |tmp_1_reg_4883                 |   6|   0|   12|          6|
    |tmp_5_reg_5772                 |   6|   0|   12|          6|
    |tmp_6_reg_5285                 |  12|   0|   64|         52|
    |tmp_9_reg_5300                 |  16|   0|   16|          0|
    |w4_V_load_reg_5295             |  14|   0|   14|          0|
    +-------------------------------+----+----+-----+-----------+
    |Total                          |3255|   0| 3319|         64|
    +-------------------------------+----+----+-----+-----------+



================================================================
== Interface
================================================================
* Summary: 
+--------------+-----+-----+------------+----------------------------------------------------------------------------------+--------------+
|   RTL Ports  | Dir | Bits|  Protocol  |                                   Source Object                                  |    C Type    |
+--------------+-----+-----+------------+----------------------------------------------------------------------------------+--------------+
|ap_clk        |  in |    1| ap_ctrl_hs | dense_latency.0.0.0.0.0.0.0.0.0.0.0.0.0.0.0.0.0.0.0.0.0.0.0.0.0.0.0.0.0.0.0.0.0. | return value |
|ap_rst        |  in |    1| ap_ctrl_hs | dense_latency.0.0.0.0.0.0.0.0.0.0.0.0.0.0.0.0.0.0.0.0.0.0.0.0.0.0.0.0.0.0.0.0.0. | return value |
|ap_start      |  in |    1| ap_ctrl_hs | dense_latency.0.0.0.0.0.0.0.0.0.0.0.0.0.0.0.0.0.0.0.0.0.0.0.0.0.0.0.0.0.0.0.0.0. | return value |
|ap_done       | out |    1| ap_ctrl_hs | dense_latency.0.0.0.0.0.0.0.0.0.0.0.0.0.0.0.0.0.0.0.0.0.0.0.0.0.0.0.0.0.0.0.0.0. | return value |
|ap_idle       | out |    1| ap_ctrl_hs | dense_latency.0.0.0.0.0.0.0.0.0.0.0.0.0.0.0.0.0.0.0.0.0.0.0.0.0.0.0.0.0.0.0.0.0. | return value |
|ap_ready      | out |    1| ap_ctrl_hs | dense_latency.0.0.0.0.0.0.0.0.0.0.0.0.0.0.0.0.0.0.0.0.0.0.0.0.0.0.0.0.0.0.0.0.0. | return value |
|ap_return_0   | out |   16| ap_ctrl_hs | dense_latency.0.0.0.0.0.0.0.0.0.0.0.0.0.0.0.0.0.0.0.0.0.0.0.0.0.0.0.0.0.0.0.0.0. | return value |
|ap_return_1   | out |   16| ap_ctrl_hs | dense_latency.0.0.0.0.0.0.0.0.0.0.0.0.0.0.0.0.0.0.0.0.0.0.0.0.0.0.0.0.0.0.0.0.0. | return value |
|ap_return_2   | out |   16| ap_ctrl_hs | dense_latency.0.0.0.0.0.0.0.0.0.0.0.0.0.0.0.0.0.0.0.0.0.0.0.0.0.0.0.0.0.0.0.0.0. | return value |
|ap_return_3   | out |   16| ap_ctrl_hs | dense_latency.0.0.0.0.0.0.0.0.0.0.0.0.0.0.0.0.0.0.0.0.0.0.0.0.0.0.0.0.0.0.0.0.0. | return value |
|ap_return_4   | out |   16| ap_ctrl_hs | dense_latency.0.0.0.0.0.0.0.0.0.0.0.0.0.0.0.0.0.0.0.0.0.0.0.0.0.0.0.0.0.0.0.0.0. | return value |
|ap_return_5   | out |   16| ap_ctrl_hs | dense_latency.0.0.0.0.0.0.0.0.0.0.0.0.0.0.0.0.0.0.0.0.0.0.0.0.0.0.0.0.0.0.0.0.0. | return value |
|ap_return_6   | out |   16| ap_ctrl_hs | dense_latency.0.0.0.0.0.0.0.0.0.0.0.0.0.0.0.0.0.0.0.0.0.0.0.0.0.0.0.0.0.0.0.0.0. | return value |
|ap_return_7   | out |   16| ap_ctrl_hs | dense_latency.0.0.0.0.0.0.0.0.0.0.0.0.0.0.0.0.0.0.0.0.0.0.0.0.0.0.0.0.0.0.0.0.0. | return value |
|ap_return_8   | out |   16| ap_ctrl_hs | dense_latency.0.0.0.0.0.0.0.0.0.0.0.0.0.0.0.0.0.0.0.0.0.0.0.0.0.0.0.0.0.0.0.0.0. | return value |
|ap_return_9   | out |   16| ap_ctrl_hs | dense_latency.0.0.0.0.0.0.0.0.0.0.0.0.0.0.0.0.0.0.0.0.0.0.0.0.0.0.0.0.0.0.0.0.0. | return value |
|ap_return_10  | out |   16| ap_ctrl_hs | dense_latency.0.0.0.0.0.0.0.0.0.0.0.0.0.0.0.0.0.0.0.0.0.0.0.0.0.0.0.0.0.0.0.0.0. | return value |
|ap_return_11  | out |   16| ap_ctrl_hs | dense_latency.0.0.0.0.0.0.0.0.0.0.0.0.0.0.0.0.0.0.0.0.0.0.0.0.0.0.0.0.0.0.0.0.0. | return value |
|ap_return_12  | out |   16| ap_ctrl_hs | dense_latency.0.0.0.0.0.0.0.0.0.0.0.0.0.0.0.0.0.0.0.0.0.0.0.0.0.0.0.0.0.0.0.0.0. | return value |
|ap_return_13  | out |   16| ap_ctrl_hs | dense_latency.0.0.0.0.0.0.0.0.0.0.0.0.0.0.0.0.0.0.0.0.0.0.0.0.0.0.0.0.0.0.0.0.0. | return value |
|ap_return_14  | out |   16| ap_ctrl_hs | dense_latency.0.0.0.0.0.0.0.0.0.0.0.0.0.0.0.0.0.0.0.0.0.0.0.0.0.0.0.0.0.0.0.0.0. | return value |
|ap_return_15  | out |   16| ap_ctrl_hs | dense_latency.0.0.0.0.0.0.0.0.0.0.0.0.0.0.0.0.0.0.0.0.0.0.0.0.0.0.0.0.0.0.0.0.0. | return value |
|ap_return_16  | out |   16| ap_ctrl_hs | dense_latency.0.0.0.0.0.0.0.0.0.0.0.0.0.0.0.0.0.0.0.0.0.0.0.0.0.0.0.0.0.0.0.0.0. | return value |
|ap_return_17  | out |   16| ap_ctrl_hs | dense_latency.0.0.0.0.0.0.0.0.0.0.0.0.0.0.0.0.0.0.0.0.0.0.0.0.0.0.0.0.0.0.0.0.0. | return value |
|ap_return_18  | out |   16| ap_ctrl_hs | dense_latency.0.0.0.0.0.0.0.0.0.0.0.0.0.0.0.0.0.0.0.0.0.0.0.0.0.0.0.0.0.0.0.0.0. | return value |
|ap_return_19  | out |   16| ap_ctrl_hs | dense_latency.0.0.0.0.0.0.0.0.0.0.0.0.0.0.0.0.0.0.0.0.0.0.0.0.0.0.0.0.0.0.0.0.0. | return value |
|ap_return_20  | out |   16| ap_ctrl_hs | dense_latency.0.0.0.0.0.0.0.0.0.0.0.0.0.0.0.0.0.0.0.0.0.0.0.0.0.0.0.0.0.0.0.0.0. | return value |
|ap_return_21  | out |   16| ap_ctrl_hs | dense_latency.0.0.0.0.0.0.0.0.0.0.0.0.0.0.0.0.0.0.0.0.0.0.0.0.0.0.0.0.0.0.0.0.0. | return value |
|ap_return_22  | out |   16| ap_ctrl_hs | dense_latency.0.0.0.0.0.0.0.0.0.0.0.0.0.0.0.0.0.0.0.0.0.0.0.0.0.0.0.0.0.0.0.0.0. | return value |
|ap_return_23  | out |   16| ap_ctrl_hs | dense_latency.0.0.0.0.0.0.0.0.0.0.0.0.0.0.0.0.0.0.0.0.0.0.0.0.0.0.0.0.0.0.0.0.0. | return value |
|ap_return_24  | out |   16| ap_ctrl_hs | dense_latency.0.0.0.0.0.0.0.0.0.0.0.0.0.0.0.0.0.0.0.0.0.0.0.0.0.0.0.0.0.0.0.0.0. | return value |
|ap_return_25  | out |   16| ap_ctrl_hs | dense_latency.0.0.0.0.0.0.0.0.0.0.0.0.0.0.0.0.0.0.0.0.0.0.0.0.0.0.0.0.0.0.0.0.0. | return value |
|ap_return_26  | out |   16| ap_ctrl_hs | dense_latency.0.0.0.0.0.0.0.0.0.0.0.0.0.0.0.0.0.0.0.0.0.0.0.0.0.0.0.0.0.0.0.0.0. | return value |
|ap_return_27  | out |   16| ap_ctrl_hs | dense_latency.0.0.0.0.0.0.0.0.0.0.0.0.0.0.0.0.0.0.0.0.0.0.0.0.0.0.0.0.0.0.0.0.0. | return value |
|ap_return_28  | out |   16| ap_ctrl_hs | dense_latency.0.0.0.0.0.0.0.0.0.0.0.0.0.0.0.0.0.0.0.0.0.0.0.0.0.0.0.0.0.0.0.0.0. | return value |
|ap_return_29  | out |   16| ap_ctrl_hs | dense_latency.0.0.0.0.0.0.0.0.0.0.0.0.0.0.0.0.0.0.0.0.0.0.0.0.0.0.0.0.0.0.0.0.0. | return value |
|ap_return_30  | out |   16| ap_ctrl_hs | dense_latency.0.0.0.0.0.0.0.0.0.0.0.0.0.0.0.0.0.0.0.0.0.0.0.0.0.0.0.0.0.0.0.0.0. | return value |
|ap_return_31  | out |   16| ap_ctrl_hs | dense_latency.0.0.0.0.0.0.0.0.0.0.0.0.0.0.0.0.0.0.0.0.0.0.0.0.0.0.0.0.0.0.0.0.0. | return value |
|ap_return_32  | out |   16| ap_ctrl_hs | dense_latency.0.0.0.0.0.0.0.0.0.0.0.0.0.0.0.0.0.0.0.0.0.0.0.0.0.0.0.0.0.0.0.0.0. | return value |
|ap_return_33  | out |   16| ap_ctrl_hs | dense_latency.0.0.0.0.0.0.0.0.0.0.0.0.0.0.0.0.0.0.0.0.0.0.0.0.0.0.0.0.0.0.0.0.0. | return value |
|ap_return_34  | out |   16| ap_ctrl_hs | dense_latency.0.0.0.0.0.0.0.0.0.0.0.0.0.0.0.0.0.0.0.0.0.0.0.0.0.0.0.0.0.0.0.0.0. | return value |
|ap_return_35  | out |   16| ap_ctrl_hs | dense_latency.0.0.0.0.0.0.0.0.0.0.0.0.0.0.0.0.0.0.0.0.0.0.0.0.0.0.0.0.0.0.0.0.0. | return value |
|ap_return_36  | out |   16| ap_ctrl_hs | dense_latency.0.0.0.0.0.0.0.0.0.0.0.0.0.0.0.0.0.0.0.0.0.0.0.0.0.0.0.0.0.0.0.0.0. | return value |
|ap_return_37  | out |   16| ap_ctrl_hs | dense_latency.0.0.0.0.0.0.0.0.0.0.0.0.0.0.0.0.0.0.0.0.0.0.0.0.0.0.0.0.0.0.0.0.0. | return value |
|ap_return_38  | out |   16| ap_ctrl_hs | dense_latency.0.0.0.0.0.0.0.0.0.0.0.0.0.0.0.0.0.0.0.0.0.0.0.0.0.0.0.0.0.0.0.0.0. | return value |
|ap_return_39  | out |   16| ap_ctrl_hs | dense_latency.0.0.0.0.0.0.0.0.0.0.0.0.0.0.0.0.0.0.0.0.0.0.0.0.0.0.0.0.0.0.0.0.0. | return value |
|ap_return_40  | out |   16| ap_ctrl_hs | dense_latency.0.0.0.0.0.0.0.0.0.0.0.0.0.0.0.0.0.0.0.0.0.0.0.0.0.0.0.0.0.0.0.0.0. | return value |
|ap_return_41  | out |   16| ap_ctrl_hs | dense_latency.0.0.0.0.0.0.0.0.0.0.0.0.0.0.0.0.0.0.0.0.0.0.0.0.0.0.0.0.0.0.0.0.0. | return value |
|ap_return_42  | out |   16| ap_ctrl_hs | dense_latency.0.0.0.0.0.0.0.0.0.0.0.0.0.0.0.0.0.0.0.0.0.0.0.0.0.0.0.0.0.0.0.0.0. | return value |
|ap_return_43  | out |   16| ap_ctrl_hs | dense_latency.0.0.0.0.0.0.0.0.0.0.0.0.0.0.0.0.0.0.0.0.0.0.0.0.0.0.0.0.0.0.0.0.0. | return value |
|ap_return_44  | out |   16| ap_ctrl_hs | dense_latency.0.0.0.0.0.0.0.0.0.0.0.0.0.0.0.0.0.0.0.0.0.0.0.0.0.0.0.0.0.0.0.0.0. | return value |
|ap_return_45  | out |   16| ap_ctrl_hs | dense_latency.0.0.0.0.0.0.0.0.0.0.0.0.0.0.0.0.0.0.0.0.0.0.0.0.0.0.0.0.0.0.0.0.0. | return value |
|ap_return_46  | out |   16| ap_ctrl_hs | dense_latency.0.0.0.0.0.0.0.0.0.0.0.0.0.0.0.0.0.0.0.0.0.0.0.0.0.0.0.0.0.0.0.0.0. | return value |
|ap_return_47  | out |   16| ap_ctrl_hs | dense_latency.0.0.0.0.0.0.0.0.0.0.0.0.0.0.0.0.0.0.0.0.0.0.0.0.0.0.0.0.0.0.0.0.0. | return value |
|ap_return_48  | out |   16| ap_ctrl_hs | dense_latency.0.0.0.0.0.0.0.0.0.0.0.0.0.0.0.0.0.0.0.0.0.0.0.0.0.0.0.0.0.0.0.0.0. | return value |
|ap_return_49  | out |   16| ap_ctrl_hs | dense_latency.0.0.0.0.0.0.0.0.0.0.0.0.0.0.0.0.0.0.0.0.0.0.0.0.0.0.0.0.0.0.0.0.0. | return value |
|ap_return_50  | out |   16| ap_ctrl_hs | dense_latency.0.0.0.0.0.0.0.0.0.0.0.0.0.0.0.0.0.0.0.0.0.0.0.0.0.0.0.0.0.0.0.0.0. | return value |
|ap_return_51  | out |   16| ap_ctrl_hs | dense_latency.0.0.0.0.0.0.0.0.0.0.0.0.0.0.0.0.0.0.0.0.0.0.0.0.0.0.0.0.0.0.0.0.0. | return value |
|ap_return_52  | out |   16| ap_ctrl_hs | dense_latency.0.0.0.0.0.0.0.0.0.0.0.0.0.0.0.0.0.0.0.0.0.0.0.0.0.0.0.0.0.0.0.0.0. | return value |
|ap_return_53  | out |   16| ap_ctrl_hs | dense_latency.0.0.0.0.0.0.0.0.0.0.0.0.0.0.0.0.0.0.0.0.0.0.0.0.0.0.0.0.0.0.0.0.0. | return value |
|ap_return_54  | out |   16| ap_ctrl_hs | dense_latency.0.0.0.0.0.0.0.0.0.0.0.0.0.0.0.0.0.0.0.0.0.0.0.0.0.0.0.0.0.0.0.0.0. | return value |
|ap_return_55  | out |   16| ap_ctrl_hs | dense_latency.0.0.0.0.0.0.0.0.0.0.0.0.0.0.0.0.0.0.0.0.0.0.0.0.0.0.0.0.0.0.0.0.0. | return value |
|ap_return_56  | out |   16| ap_ctrl_hs | dense_latency.0.0.0.0.0.0.0.0.0.0.0.0.0.0.0.0.0.0.0.0.0.0.0.0.0.0.0.0.0.0.0.0.0. | return value |
|ap_return_57  | out |   16| ap_ctrl_hs | dense_latency.0.0.0.0.0.0.0.0.0.0.0.0.0.0.0.0.0.0.0.0.0.0.0.0.0.0.0.0.0.0.0.0.0. | return value |
|ap_return_58  | out |   16| ap_ctrl_hs | dense_latency.0.0.0.0.0.0.0.0.0.0.0.0.0.0.0.0.0.0.0.0.0.0.0.0.0.0.0.0.0.0.0.0.0. | return value |
|ap_return_59  | out |   16| ap_ctrl_hs | dense_latency.0.0.0.0.0.0.0.0.0.0.0.0.0.0.0.0.0.0.0.0.0.0.0.0.0.0.0.0.0.0.0.0.0. | return value |
|ap_return_60  | out |   16| ap_ctrl_hs | dense_latency.0.0.0.0.0.0.0.0.0.0.0.0.0.0.0.0.0.0.0.0.0.0.0.0.0.0.0.0.0.0.0.0.0. | return value |
|ap_return_61  | out |   16| ap_ctrl_hs | dense_latency.0.0.0.0.0.0.0.0.0.0.0.0.0.0.0.0.0.0.0.0.0.0.0.0.0.0.0.0.0.0.0.0.0. | return value |
|ap_return_62  | out |   16| ap_ctrl_hs | dense_latency.0.0.0.0.0.0.0.0.0.0.0.0.0.0.0.0.0.0.0.0.0.0.0.0.0.0.0.0.0.0.0.0.0. | return value |
|ap_return_63  | out |   16| ap_ctrl_hs | dense_latency.0.0.0.0.0.0.0.0.0.0.0.0.0.0.0.0.0.0.0.0.0.0.0.0.0.0.0.0.0.0.0.0.0. | return value |
|p_read        |  in |   16|   ap_none  |                                      p_read                                      |    scalar    |
|p_read1       |  in |   16|   ap_none  |                                      p_read1                                     |    scalar    |
|p_read2       |  in |   16|   ap_none  |                                      p_read2                                     |    scalar    |
|p_read3       |  in |   16|   ap_none  |                                      p_read3                                     |    scalar    |
|p_read4       |  in |   16|   ap_none  |                                      p_read4                                     |    scalar    |
|p_read5       |  in |   16|   ap_none  |                                      p_read5                                     |    scalar    |
|p_read6       |  in |   16|   ap_none  |                                      p_read6                                     |    scalar    |
|p_read7       |  in |   16|   ap_none  |                                      p_read7                                     |    scalar    |
|p_read8       |  in |   16|   ap_none  |                                      p_read8                                     |    scalar    |
|p_read9       |  in |   16|   ap_none  |                                      p_read9                                     |    scalar    |
|p_read10      |  in |   16|   ap_none  |                                     p_read10                                     |    scalar    |
|p_read11      |  in |   16|   ap_none  |                                     p_read11                                     |    scalar    |
|p_read12      |  in |   16|   ap_none  |                                     p_read12                                     |    scalar    |
|p_read13      |  in |   16|   ap_none  |                                     p_read13                                     |    scalar    |
|p_read14      |  in |   16|   ap_none  |                                     p_read14                                     |    scalar    |
|p_read15      |  in |   16|   ap_none  |                                     p_read15                                     |    scalar    |
|p_read16      |  in |   16|   ap_none  |                                     p_read16                                     |    scalar    |
|p_read17      |  in |   16|   ap_none  |                                     p_read17                                     |    scalar    |
|p_read18      |  in |   16|   ap_none  |                                     p_read18                                     |    scalar    |
|p_read19      |  in |   16|   ap_none  |                                     p_read19                                     |    scalar    |
|p_read20      |  in |   16|   ap_none  |                                     p_read20                                     |    scalar    |
|p_read21      |  in |   16|   ap_none  |                                     p_read21                                     |    scalar    |
|p_read22      |  in |   16|   ap_none  |                                     p_read22                                     |    scalar    |
|p_read23      |  in |   16|   ap_none  |                                     p_read23                                     |    scalar    |
|p_read24      |  in |   16|   ap_none  |                                     p_read24                                     |    scalar    |
|p_read25      |  in |   16|   ap_none  |                                     p_read25                                     |    scalar    |
|p_read26      |  in |   16|   ap_none  |                                     p_read26                                     |    scalar    |
|p_read27      |  in |   16|   ap_none  |                                     p_read27                                     |    scalar    |
|p_read28      |  in |   16|   ap_none  |                                     p_read28                                     |    scalar    |
|p_read29      |  in |   16|   ap_none  |                                     p_read29                                     |    scalar    |
|p_read30      |  in |   16|   ap_none  |                                     p_read30                                     |    scalar    |
|p_read31      |  in |   16|   ap_none  |                                     p_read31                                     |    scalar    |
|p_read32      |  in |   16|   ap_none  |                                     p_read32                                     |    scalar    |
|p_read33      |  in |   16|   ap_none  |                                     p_read33                                     |    scalar    |
|p_read34      |  in |   16|   ap_none  |                                     p_read34                                     |    scalar    |
|p_read35      |  in |   16|   ap_none  |                                     p_read35                                     |    scalar    |
|p_read36      |  in |   16|   ap_none  |                                     p_read36                                     |    scalar    |
|p_read37      |  in |   16|   ap_none  |                                     p_read37                                     |    scalar    |
|p_read38      |  in |   16|   ap_none  |                                     p_read38                                     |    scalar    |
|p_read39      |  in |   16|   ap_none  |                                     p_read39                                     |    scalar    |
|p_read40      |  in |   16|   ap_none  |                                     p_read40                                     |    scalar    |
|p_read41      |  in |   16|   ap_none  |                                     p_read41                                     |    scalar    |
|p_read42      |  in |   16|   ap_none  |                                     p_read42                                     |    scalar    |
|p_read43      |  in |   16|   ap_none  |                                     p_read43                                     |    scalar    |
|p_read44      |  in |   16|   ap_none  |                                     p_read44                                     |    scalar    |
|p_read45      |  in |   16|   ap_none  |                                     p_read45                                     |    scalar    |
|p_read46      |  in |   16|   ap_none  |                                     p_read46                                     |    scalar    |
|p_read47      |  in |   16|   ap_none  |                                     p_read47                                     |    scalar    |
|p_read48      |  in |   16|   ap_none  |                                     p_read48                                     |    scalar    |
|p_read49      |  in |   16|   ap_none  |                                     p_read49                                     |    scalar    |
|p_read50      |  in |   16|   ap_none  |                                     p_read50                                     |    scalar    |
|p_read51      |  in |   16|   ap_none  |                                     p_read51                                     |    scalar    |
|p_read52      |  in |   16|   ap_none  |                                     p_read52                                     |    scalar    |
|p_read53      |  in |   16|   ap_none  |                                     p_read53                                     |    scalar    |
|p_read54      |  in |   16|   ap_none  |                                     p_read54                                     |    scalar    |
|p_read55      |  in |   16|   ap_none  |                                     p_read55                                     |    scalar    |
|p_read56      |  in |   16|   ap_none  |                                     p_read56                                     |    scalar    |
|p_read57      |  in |   16|   ap_none  |                                     p_read57                                     |    scalar    |
|p_read58      |  in |   16|   ap_none  |                                     p_read58                                     |    scalar    |
|p_read59      |  in |   16|   ap_none  |                                     p_read59                                     |    scalar    |
|p_read60      |  in |   16|   ap_none  |                                     p_read60                                     |    scalar    |
|p_read61      |  in |   16|   ap_none  |                                     p_read61                                     |    scalar    |
|p_read62      |  in |   16|   ap_none  |                                     p_read62                                     |    scalar    |
|p_read63      |  in |   16|   ap_none  |                                     p_read63                                     |    scalar    |
+--------------+-----+-----+------------+----------------------------------------------------------------------------------+--------------+

