

================================================================
== Vivado HLS Report for 'dense_latency_0_0_0_0_0_0_0_0_0_0_0_0_0_0_0_0_0_0_0_0_0_0_0_0_0_0_0_0_0_0_0_0_0_1'
================================================================
* Date:           Mon Apr 22 19:29:21 2024

* Version:        2018.2 (Build 2258646 on Thu Jun 14 20:25:20 MDT 2018)
* Project:        myproject_prj
* Solution:       solution1
* Product family: artix7
* Target device:  xc7a200tsbv484-2


================================================================
== Performance Estimates
================================================================
+ Timing (ns): 
    * Summary: 
    +--------+-------+----------+------------+
    |  Clock | Target| Estimated| Uncertainty|
    +--------+-------+----------+------------+
    |ap_clk  |  10.00|     6.350|        1.25|
    +--------+-------+----------+------------+

+ Latency (clock cycles): 
    * Summary: 
    +--------+--------+--------+--------+---------+
    |     Latency     |     Interval    | Pipeline|
    |   min  |   max  |   min  |   max  |   Type  |
    +--------+--------+--------+--------+---------+
    |  181007|  181007|  181007|  181007|   none  |
    +--------+--------+--------+--------+---------+

    + Detail: 
        * Instance: 
        N/A

        * Loop: 
        +--------------+--------+--------+----------+-----------+-----------+------+----------+
        |              |     Latency     | Iteration|  Initiation Interval  | Trip |          |
        |   Loop Name  |   min  |   max  |  Latency |  achieved |   target  | Count| Pipelined|
        +--------------+--------+--------+----------+-----------+-----------+------+----------+
        |- Product1    |  103341|  103341|       259|          -|          -|   399|    no    |
        | + Product2   |     256|     256|         4|          -|          -|    64|    no    |
        |- ResetAccum  |     128|     128|         2|          -|          -|    64|    no    |
        |- Accum1      |   77406|   77406|       194|          -|          -|   399|    no    |
        | + Accum2     |     192|     192|         3|          -|          -|    64|    no    |
        |- Result      |     128|     128|         2|          -|          -|    64|    no    |
        +--------------+--------+--------+----------+-----------+-----------+------+----------+



================================================================
== Utilization Estimates
================================================================
* Summary: 
+-----------------+---------+-------+--------+--------+
|       Name      | BRAM_18K| DSP48E|   FF   |   LUT  |
+-----------------+---------+-------+--------+--------+
|DSP              |        -|      1|       -|       -|
|Expression       |        -|      -|       0|   12895|
|FIFO             |        -|      -|       -|       -|
|Instance         |        -|      -|       0|     819|
|Memory           |       60|      -|       0|       0|
|Multiplexer      |        -|      -|       -|     710|
|Register         |        -|      -|    9670|       -|
+-----------------+---------+-------+--------+--------+
|Total            |       60|      1|    9670|   14424|
+-----------------+---------+-------+--------+--------+
|Available        |      730|    740|  269200|  129000|
+-----------------+---------+-------+--------+--------+
|Utilization (%)  |        8|   ~0  |       3|      11|
+-----------------+---------+-------+--------+--------+

+ Detail: 
    * Instance: 
    +-----------------------------+--------------------------+---------+-------+---+-----+
    |           Instance          |          Module          | BRAM_18K| DSP48E| FF| LUT |
    +-----------------------------+--------------------------+---------+-------+---+-----+
    |myproject_mux_646_16_1_1_U1  |myproject_mux_646_16_1_1  |        0|      0|  0|  273|
    |myproject_mux_646_16_1_1_U2  |myproject_mux_646_16_1_1  |        0|      0|  0|  273|
    |myproject_mux_646_16_1_1_U3  |myproject_mux_646_16_1_1  |        0|      0|  0|  273|
    +-----------------------------+--------------------------+---------+-------+---+-----+
    |Total                        |                          |        0|      0|  0|  819|
    +-----------------------------+--------------------------+---------+-------+---+-----+

    * DSP48: 
    +-------------------------------------+----------------------------------+-----------+
    |               Instance              |              Module              | Expression|
    +-------------------------------------+----------------------------------+-----------+
    |myproject_mul_mul_16s_14s_26_1_1_U4  |myproject_mul_mul_16s_14s_26_1_1  |  i0 * i1  |
    +-------------------------------------+----------------------------------+-----------+

    * Memory: 
    +----------+----------------------------------------------------------------------------------+---------+---+----+-------+-----+------+-------------+
    |  Memory  |                                      Module                                      | BRAM_18K| FF| LUT| Words | Bits| Banks| W*Bits*Banks|
    +----------+----------------------------------------------------------------------------------+---------+---+----+-------+-----+------+-------------+
    |w2_V_U    |dense_latency_0_0_0_0_0_0_0_0_0_0_0_0_0_0_0_0_0_0_0_0_0_0_0_0_0_0_0_0_0_0_0_0bkb  |       28|  0|   0|  25536|   14|     1|       357504|
    |mult_V_U  |dense_latency_0_0_0_0_0_0_0_0_0_0_0_0_0_0_0_0_0_0_0_0_0_0_0_0_0_0_0_0_0_0_0_0cud  |       32|  0|   0|  25536|   16|     1|       408576|
    +----------+----------------------------------------------------------------------------------+---------+---+----+-------+-----+------+-------------+
    |Total     |                                                                                  |       60|  0|   0|  51072|   30|     2|       766080|
    +----------+----------------------------------------------------------------------------------+---------+---+----+-------+-----+------+-------------+

    * FIFO: 
    N/A

    * Expression: 
    +----------------------+----------+-------+---+------+------------+------------+
    |     Variable Name    | Operation| DSP48E| FF|  LUT | Bitwidth P0| Bitwidth P1|
    +----------------------+----------+-------+---+------+------------+------------+
    |acc_0_V_1_fu_2728_p2  |     +    |      0|  0|    23|          16|          16|
    |iacc_1_fu_1761_p2     |     +    |      0|  0|    15|           7|           1|
    |ii_2_fu_1403_p2       |     +    |      0|  0|    16|           9|           1|
    |ii_3_fu_2551_p2       |     +    |      0|  0|    16|           9|           1|
    |index_2_fu_2581_p2    |     +    |      0|  0|    22|          15|          15|
    |index_fu_1541_p2      |     +    |      0|  0|    22|          15|          15|
    |ires_1_fu_3060_p2     |     +    |      0|  0|    15|           7|           1|
    |jj_1_fu_1535_p2       |     +    |      0|  0|    15|           7|           1|
    |jj_2_fu_2575_p2       |     +    |      0|  0|    15|           7|           1|
    |tmp_136_fu_1438_p2    |     -    |      0|  0|    20|          13|          13|
    |tmp_137_fu_1444_p2    |     -    |      0|  0|    20|          12|          13|
    |tmp_138_fu_1450_p2    |     -    |      0|  0|    20|          13|          13|
    |tmp_142_fu_1479_p2    |     -    |      0|  0|    20|          12|          13|
    |tmp_147_fu_1504_p2    |    and   |      0|  0|  4096|        6384|        6384|
    |tmp_11_fu_3054_p2     |   icmp   |      0|  0|    11|           7|           8|
    |tmp_12_fu_2569_p2     |   icmp   |      0|  0|    11|           7|           8|
    |tmp_134_fu_1423_p2    |   icmp   |      0|  0|    13|          13|          13|
    |tmp_5_fu_1529_p2      |   icmp   |      0|  0|    11|           7|           8|
    |tmp_8_fu_2545_p2      |   icmp   |      0|  0|    13|           9|           8|
    |tmp_fu_1397_p2        |   icmp   |      0|  0|    13|           9|           8|
    |tmp_s_fu_1755_p2      |   icmp   |      0|  0|    11|           7|           8|
    |tmp_145_fu_1489_p2    |   lshr   |      0|  0|  2171|        6384|        6384|
    |tmp_146_fu_1498_p2    |   lshr   |      0|  0|  2171|           2|        6384|
    |tmp_3_fu_1417_p2      |    or    |      0|  0|    13|          13|           4|
    |tmp_139_fu_1456_p3    |  select  |      0|  0|    13|           1|          13|
    |tmp_140_fu_1464_p3    |  select  |      0|  0|  4096|           1|        6384|
    |tmp_141_fu_1471_p3    |  select  |      0|  0|    13|           1|          13|
    +----------------------+----------+-------+---+------+------------+------------+
    |Total                 |          |      0|  0| 12895|       12987|       25731|
    +----------------------+----------+-------+---+------+------------+------------+

    * Multiplexer: 
    +---------------------+----+-----------+-----+-----------+
    |         Name        | LUT| Input Size| Bits| Total Bits|
    +---------------------+----+-----------+-----+-----------+
    |acc_63_V_100_fu_728  |   9|          2|   16|         32|
    |acc_63_V_101_fu_732  |   9|          2|   16|         32|
    |acc_63_V_102_fu_736  |   9|          2|   16|         32|
    |acc_63_V_103_fu_740  |   9|          2|   16|         32|
    |acc_63_V_104_fu_744  |   9|          2|   16|         32|
    |acc_63_V_105_fu_748  |   9|          2|   16|         32|
    |acc_63_V_106_fu_752  |   9|          2|   16|         32|
    |acc_63_V_107_fu_756  |   9|          2|   16|         32|
    |acc_63_V_108_fu_760  |   9|          2|   16|         32|
    |acc_63_V_109_fu_764  |   9|          2|   16|         32|
    |acc_63_V_110_fu_768  |   9|          2|   16|         32|
    |acc_63_V_111_fu_772  |   9|          2|   16|         32|
    |acc_63_V_112_fu_776  |   9|          2|   16|         32|
    |acc_63_V_113_fu_780  |   9|          2|   16|         32|
    |acc_63_V_114_fu_784  |   9|          2|   16|         32|
    |acc_63_V_115_fu_788  |   9|          2|   16|         32|
    |acc_63_V_116_fu_792  |   9|          2|   16|         32|
    |acc_63_V_117_fu_796  |   9|          2|   16|         32|
    |acc_63_V_118_fu_800  |   9|          2|   16|         32|
    |acc_63_V_119_fu_804  |   9|          2|   16|         32|
    |acc_63_V_120_fu_808  |   9|          2|   16|         32|
    |acc_63_V_121_fu_812  |   9|          2|   16|         32|
    |acc_63_V_122_fu_816  |   9|          2|   16|         32|
    |acc_63_V_123_fu_820  |   9|          2|   16|         32|
    |acc_63_V_124_fu_824  |   9|          2|   16|         32|
    |acc_63_V_125_fu_828  |   9|          2|   16|         32|
    |acc_63_V_126_fu_832  |   9|          2|   16|         32|
    |acc_63_V_127_fu_836  |   9|          2|   16|         32|
    |acc_63_V_2_fu_840    |   9|          2|   16|         32|
    |acc_63_V_65_fu_588   |   9|          2|   16|         32|
    |acc_63_V_66_fu_592   |   9|          2|   16|         32|
    |acc_63_V_67_fu_596   |   9|          2|   16|         32|
    |acc_63_V_68_fu_600   |   9|          2|   16|         32|
    |acc_63_V_69_fu_604   |   9|          2|   16|         32|
    |acc_63_V_70_fu_608   |   9|          2|   16|         32|
    |acc_63_V_71_fu_612   |   9|          2|   16|         32|
    |acc_63_V_72_fu_616   |   9|          2|   16|         32|
    |acc_63_V_73_fu_620   |   9|          2|   16|         32|
    |acc_63_V_74_fu_624   |   9|          2|   16|         32|
    |acc_63_V_75_fu_628   |   9|          2|   16|         32|
    |acc_63_V_76_fu_632   |   9|          2|   16|         32|
    |acc_63_V_77_fu_636   |   9|          2|   16|         32|
    |acc_63_V_78_fu_640   |   9|          2|   16|         32|
    |acc_63_V_79_fu_644   |   9|          2|   16|         32|
    |acc_63_V_80_fu_648   |   9|          2|   16|         32|
    |acc_63_V_81_fu_652   |   9|          2|   16|         32|
    |acc_63_V_82_fu_656   |   9|          2|   16|         32|
    |acc_63_V_83_fu_660   |   9|          2|   16|         32|
    |acc_63_V_84_fu_664   |   9|          2|   16|         32|
    |acc_63_V_85_fu_668   |   9|          2|   16|         32|
    |acc_63_V_86_fu_672   |   9|          2|   16|         32|
    |acc_63_V_87_fu_676   |   9|          2|   16|         32|
    |acc_63_V_88_fu_680   |   9|          2|   16|         32|
    |acc_63_V_89_fu_684   |   9|          2|   16|         32|
    |acc_63_V_90_fu_688   |   9|          2|   16|         32|
    |acc_63_V_91_fu_692   |   9|          2|   16|         32|
    |acc_63_V_92_fu_696   |   9|          2|   16|         32|
    |acc_63_V_93_fu_700   |   9|          2|   16|         32|
    |acc_63_V_94_fu_704   |   9|          2|   16|         32|
    |acc_63_V_95_fu_708   |   9|          2|   16|         32|
    |acc_63_V_96_fu_712   |   9|          2|   16|         32|
    |acc_63_V_97_fu_716   |   9|          2|   16|         32|
    |acc_63_V_98_fu_720   |   9|          2|   16|         32|
    |acc_63_V_99_fu_724   |   9|          2|   16|         32|
    |ap_NS_fsm            |  65|         16|    1|         16|
    |iacc_reg_1161        |   9|          2|    7|         14|
    |ii2_reg_1172         |   9|          2|    9|         18|
    |ii_reg_1138          |   9|          2|    9|         18|
    |ires_reg_1194        |   9|          2|    7|         14|
    |jj3_reg_1183         |   9|          2|    7|         14|
    |jj_reg_1150          |   9|          2|    7|         14|
    |mult_V_address0      |  15|          3|   15|         45|
    +---------------------+----+-----------+-----+-----------+
    |Total                | 710|        159| 1086|       2201|
    +---------------------+----+-----------+-----+-----------+

    * Register: 
    +-------------------------------+------+----+------+-----------+
    |              Name             |  FF  | LUT| Bits | Const Bits|
    +-------------------------------+------+----+------+-----------+
    |OP1_V_cast_reg_4519            |    26|   0|    26|          0|
    |acc_63_V_100_fu_728            |    16|   0|    16|          0|
    |acc_63_V_101_fu_732            |    16|   0|    16|          0|
    |acc_63_V_102_fu_736            |    16|   0|    16|          0|
    |acc_63_V_103_fu_740            |    16|   0|    16|          0|
    |acc_63_V_104_fu_744            |    16|   0|    16|          0|
    |acc_63_V_105_fu_748            |    16|   0|    16|          0|
    |acc_63_V_106_fu_752            |    16|   0|    16|          0|
    |acc_63_V_107_fu_756            |    16|   0|    16|          0|
    |acc_63_V_108_fu_760            |    16|   0|    16|          0|
    |acc_63_V_109_fu_764            |    16|   0|    16|          0|
    |acc_63_V_10_fu_364             |    16|   0|    16|          0|
    |acc_63_V_110_fu_768            |    16|   0|    16|          0|
    |acc_63_V_111_fu_772            |    16|   0|    16|          0|
    |acc_63_V_112_fu_776            |    16|   0|    16|          0|
    |acc_63_V_113_fu_780            |    16|   0|    16|          0|
    |acc_63_V_114_fu_784            |    16|   0|    16|          0|
    |acc_63_V_115_fu_788            |    16|   0|    16|          0|
    |acc_63_V_116_fu_792            |    16|   0|    16|          0|
    |acc_63_V_117_fu_796            |    16|   0|    16|          0|
    |acc_63_V_118_fu_800            |    16|   0|    16|          0|
    |acc_63_V_119_fu_804            |    16|   0|    16|          0|
    |acc_63_V_11_fu_368             |    16|   0|    16|          0|
    |acc_63_V_120_fu_808            |    16|   0|    16|          0|
    |acc_63_V_121_fu_812            |    16|   0|    16|          0|
    |acc_63_V_122_fu_816            |    16|   0|    16|          0|
    |acc_63_V_123_fu_820            |    16|   0|    16|          0|
    |acc_63_V_124_fu_824            |    16|   0|    16|          0|
    |acc_63_V_125_fu_828            |    16|   0|    16|          0|
    |acc_63_V_126_fu_832            |    16|   0|    16|          0|
    |acc_63_V_127_fu_836            |    16|   0|    16|          0|
    |acc_63_V_12_fu_372             |    16|   0|    16|          0|
    |acc_63_V_13_fu_376             |    16|   0|    16|          0|
    |acc_63_V_14_fu_380             |    16|   0|    16|          0|
    |acc_63_V_15_fu_384             |    16|   0|    16|          0|
    |acc_63_V_16_fu_388             |    16|   0|    16|          0|
    |acc_63_V_17_fu_392             |    16|   0|    16|          0|
    |acc_63_V_18_fu_396             |    16|   0|    16|          0|
    |acc_63_V_19_fu_400             |    16|   0|    16|          0|
    |acc_63_V_1_fu_332              |    16|   0|    16|          0|
    |acc_63_V_20_fu_404             |    16|   0|    16|          0|
    |acc_63_V_21_fu_408             |    16|   0|    16|          0|
    |acc_63_V_22_fu_412             |    16|   0|    16|          0|
    |acc_63_V_23_fu_416             |    16|   0|    16|          0|
    |acc_63_V_24_fu_420             |    16|   0|    16|          0|
    |acc_63_V_25_fu_424             |    16|   0|    16|          0|
    |acc_63_V_26_fu_428             |    16|   0|    16|          0|
    |acc_63_V_27_fu_432             |    16|   0|    16|          0|
    |acc_63_V_28_fu_436             |    16|   0|    16|          0|
    |acc_63_V_29_fu_440             |    16|   0|    16|          0|
    |acc_63_V_2_fu_840              |    16|   0|    16|          0|
    |acc_63_V_30_fu_444             |    16|   0|    16|          0|
    |acc_63_V_31_fu_448             |    16|   0|    16|          0|
    |acc_63_V_32_fu_452             |    16|   0|    16|          0|
    |acc_63_V_33_fu_456             |    16|   0|    16|          0|
    |acc_63_V_34_fu_460             |    16|   0|    16|          0|
    |acc_63_V_35_fu_464             |    16|   0|    16|          0|
    |acc_63_V_36_fu_468             |    16|   0|    16|          0|
    |acc_63_V_37_fu_472             |    16|   0|    16|          0|
    |acc_63_V_38_fu_476             |    16|   0|    16|          0|
    |acc_63_V_39_fu_480             |    16|   0|    16|          0|
    |acc_63_V_3_fu_336              |    16|   0|    16|          0|
    |acc_63_V_40_fu_484             |    16|   0|    16|          0|
    |acc_63_V_41_fu_488             |    16|   0|    16|          0|
    |acc_63_V_42_fu_492             |    16|   0|    16|          0|
    |acc_63_V_43_fu_496             |    16|   0|    16|          0|
    |acc_63_V_44_fu_500             |    16|   0|    16|          0|
    |acc_63_V_45_fu_504             |    16|   0|    16|          0|
    |acc_63_V_46_fu_508             |    16|   0|    16|          0|
    |acc_63_V_47_fu_512             |    16|   0|    16|          0|
    |acc_63_V_48_fu_516             |    16|   0|    16|          0|
    |acc_63_V_49_fu_520             |    16|   0|    16|          0|
    |acc_63_V_4_fu_340              |    16|   0|    16|          0|
    |acc_63_V_50_fu_524             |    16|   0|    16|          0|
    |acc_63_V_51_fu_528             |    16|   0|    16|          0|
    |acc_63_V_52_fu_532             |    16|   0|    16|          0|
    |acc_63_V_53_fu_536             |    16|   0|    16|          0|
    |acc_63_V_54_fu_540             |    16|   0|    16|          0|
    |acc_63_V_55_fu_544             |    16|   0|    16|          0|
    |acc_63_V_56_fu_548             |    16|   0|    16|          0|
    |acc_63_V_57_fu_552             |    16|   0|    16|          0|
    |acc_63_V_58_fu_556             |    16|   0|    16|          0|
    |acc_63_V_59_fu_560             |    16|   0|    16|          0|
    |acc_63_V_5_fu_344              |    16|   0|    16|          0|
    |acc_63_V_60_fu_564             |    16|   0|    16|          0|
    |acc_63_V_61_fu_568             |    16|   0|    16|          0|
    |acc_63_V_62_fu_572             |    16|   0|    16|          0|
    |acc_63_V_63_fu_576             |    16|   0|    16|          0|
    |acc_63_V_64_fu_580             |    16|   0|    16|          0|
    |acc_63_V_65_fu_588             |    16|   0|    16|          0|
    |acc_63_V_66_fu_592             |    16|   0|    16|          0|
    |acc_63_V_67_fu_596             |    16|   0|    16|          0|
    |acc_63_V_68_fu_600             |    16|   0|    16|          0|
    |acc_63_V_69_fu_604             |    16|   0|    16|          0|
    |acc_63_V_6_fu_348              |    16|   0|    16|          0|
    |acc_63_V_70_fu_608             |    16|   0|    16|          0|
    |acc_63_V_71_fu_612             |    16|   0|    16|          0|
    |acc_63_V_72_fu_616             |    16|   0|    16|          0|
    |acc_63_V_73_fu_620             |    16|   0|    16|          0|
    |acc_63_V_74_fu_624             |    16|   0|    16|          0|
    |acc_63_V_75_fu_628             |    16|   0|    16|          0|
    |acc_63_V_76_fu_632             |    16|   0|    16|          0|
    |acc_63_V_77_fu_636             |    16|   0|    16|          0|
    |acc_63_V_78_fu_640             |    16|   0|    16|          0|
    |acc_63_V_79_fu_644             |    16|   0|    16|          0|
    |acc_63_V_7_fu_352              |    16|   0|    16|          0|
    |acc_63_V_80_fu_648             |    16|   0|    16|          0|
    |acc_63_V_81_fu_652             |    16|   0|    16|          0|
    |acc_63_V_82_fu_656             |    16|   0|    16|          0|
    |acc_63_V_83_fu_660             |    16|   0|    16|          0|
    |acc_63_V_84_fu_664             |    16|   0|    16|          0|
    |acc_63_V_85_fu_668             |    16|   0|    16|          0|
    |acc_63_V_86_fu_672             |    16|   0|    16|          0|
    |acc_63_V_87_fu_676             |    16|   0|    16|          0|
    |acc_63_V_88_fu_680             |    16|   0|    16|          0|
    |acc_63_V_89_fu_684             |    16|   0|    16|          0|
    |acc_63_V_8_fu_356              |    16|   0|    16|          0|
    |acc_63_V_90_fu_688             |    16|   0|    16|          0|
    |acc_63_V_91_fu_692             |    16|   0|    16|          0|
    |acc_63_V_92_fu_696             |    16|   0|    16|          0|
    |acc_63_V_93_fu_700             |    16|   0|    16|          0|
    |acc_63_V_94_fu_704             |    16|   0|    16|          0|
    |acc_63_V_95_fu_708             |    16|   0|    16|          0|
    |acc_63_V_96_fu_712             |    16|   0|    16|          0|
    |acc_63_V_97_fu_716             |    16|   0|    16|          0|
    |acc_63_V_98_fu_720             |    16|   0|    16|          0|
    |acc_63_V_99_fu_724             |    16|   0|    16|          0|
    |acc_63_V_9_fu_360              |    16|   0|    16|          0|
    |acc_63_V_fu_584                |    16|   0|    16|          0|
    |ap_CS_fsm                      |    15|   0|    15|          0|
    |iacc_1_reg_4555                |     7|   0|     7|          0|
    |iacc_reg_1161                  |     7|   0|     7|          0|
    |ii2_reg_1172                   |     9|   0|     9|          0|
    |ii_2_reg_4115                  |     9|   0|     9|          0|
    |ii_3_reg_5014                  |     9|   0|     9|          0|
    |ii_reg_1138                    |     9|   0|     9|          0|
    |ires_1_reg_5429                |     7|   0|     7|          0|
    |ires_reg_1194                  |     7|   0|     7|          0|
    |jj3_reg_1183                   |     7|   0|     7|          0|
    |jj_1_reg_4527                  |     7|   0|     7|          0|
    |jj_2_reg_5411                  |     7|   0|     7|          0|
    |jj_reg_1150                    |     7|   0|     7|          0|
    |res_0_V_write_assign_fu_988    |    16|   0|    16|          0|
    |res_10_V_write_assign_fu_1092  |    16|   0|    16|          0|
    |res_11_V_write_assign_fu_1088  |    16|   0|    16|          0|
    |res_12_V_write_assign_fu_1080  |    16|   0|    16|          0|
    |res_13_V_write_assign_fu_1076  |    16|   0|    16|          0|
    |res_14_V_write_assign_fu_1068  |    16|   0|    16|          0|
    |res_15_V_write_assign_fu_1064  |    16|   0|    16|          0|
    |res_16_V_write_assign_fu_1056  |    16|   0|    16|          0|
    |res_17_V_write_assign_fu_1052  |    16|   0|    16|          0|
    |res_18_V_write_assign_fu_1044  |    16|   0|    16|          0|
    |res_19_V_write_assign_fu_1040  |    16|   0|    16|          0|
    |res_1_V_write_assign_fu_1000   |    16|   0|    16|          0|
    |res_20_V_write_assign_fu_1032  |    16|   0|    16|          0|
    |res_21_V_write_assign_fu_1028  |    16|   0|    16|          0|
    |res_22_V_write_assign_fu_1020  |    16|   0|    16|          0|
    |res_23_V_write_assign_fu_1016  |    16|   0|    16|          0|
    |res_24_V_write_assign_fu_1008  |    16|   0|    16|          0|
    |res_25_V_write_assign_fu_1004  |    16|   0|    16|          0|
    |res_26_V_write_assign_fu_996   |    16|   0|    16|          0|
    |res_27_V_write_assign_fu_992   |    16|   0|    16|          0|
    |res_28_V_write_assign_fu_984   |    16|   0|    16|          0|
    |res_29_V_write_assign_fu_980   |    16|   0|    16|          0|
    |res_2_V_write_assign_fu_1012   |    16|   0|    16|          0|
    |res_30_V_write_assign_fu_848   |    16|   0|    16|          0|
    |res_31_V_write_assign_fu_860   |    16|   0|    16|          0|
    |res_32_V_write_assign_fu_872   |    16|   0|    16|          0|
    |res_33_V_write_assign_fu_884   |    16|   0|    16|          0|
    |res_34_V_write_assign_fu_896   |    16|   0|    16|          0|
    |res_35_V_write_assign_fu_908   |    16|   0|    16|          0|
    |res_36_V_write_assign_fu_920   |    16|   0|    16|          0|
    |res_37_V_write_assign_fu_932   |    16|   0|    16|          0|
    |res_38_V_write_assign_fu_944   |    16|   0|    16|          0|
    |res_39_V_write_assign_fu_956   |    16|   0|    16|          0|
    |res_3_V_write_assign_fu_1024   |    16|   0|    16|          0|
    |res_40_V_write_assign_fu_968   |    16|   0|    16|          0|
    |res_41_V_write_assign_fu_976   |    16|   0|    16|          0|
    |res_42_V_write_assign_fu_972   |    16|   0|    16|          0|
    |res_43_V_write_assign_fu_964   |    16|   0|    16|          0|
    |res_44_V_write_assign_fu_960   |    16|   0|    16|          0|
    |res_45_V_write_assign_fu_952   |    16|   0|    16|          0|
    |res_46_V_write_assign_fu_948   |    16|   0|    16|          0|
    |res_47_V_write_assign_fu_940   |    16|   0|    16|          0|
    |res_48_V_write_assign_fu_936   |    16|   0|    16|          0|
    |res_49_V_write_assign_fu_928   |    16|   0|    16|          0|
    |res_4_V_write_assign_fu_1036   |    16|   0|    16|          0|
    |res_50_V_write_assign_fu_924   |    16|   0|    16|          0|
    |res_51_V_write_assign_fu_916   |    16|   0|    16|          0|
    |res_52_V_write_assign_fu_912   |    16|   0|    16|          0|
    |res_53_V_write_assign_fu_904   |    16|   0|    16|          0|
    |res_54_V_write_assign_fu_900   |    16|   0|    16|          0|
    |res_55_V_write_assign_fu_892   |    16|   0|    16|          0|
    |res_56_V_write_assign_fu_888   |    16|   0|    16|          0|
    |res_57_V_write_assign_fu_880   |    16|   0|    16|          0|
    |res_58_V_write_assign_fu_876   |    16|   0|    16|          0|
    |res_59_V_write_assign_fu_868   |    16|   0|    16|          0|
    |res_5_V_write_assign_fu_1048   |    16|   0|    16|          0|
    |res_60_V_write_assign_fu_864   |    16|   0|    16|          0|
    |res_61_V_write_assign_fu_856   |    16|   0|    16|          0|
    |res_62_V_write_assign_fu_852   |    16|   0|    16|          0|
    |res_63_V_write_assign_fu_844   |    16|   0|    16|          0|
    |res_6_V_write_assign_fu_1060   |    16|   0|    16|          0|
    |res_7_V_write_assign_fu_1072   |    16|   0|    16|          0|
    |res_8_V_write_assign_fu_1084   |    16|   0|    16|          0|
    |res_9_V_write_assign_fu_1096   |    16|   0|    16|          0|
    |tmp_10_reg_5019                |     9|   0|    15|          6|
    |tmp_142_reg_4120               |    12|   0|    13|          1|
    |tmp_145_reg_4125               |  6384|   0|  6384|          0|
    |tmp_151_reg_5416               |     6|   0|     6|          0|
    |tmp_4_reg_4514                 |     9|   0|    15|          6|
    |tmp_6_reg_4532                 |    15|   0|    64|         49|
    |tmp_7_reg_4547                 |    16|   0|    16|          0|
    |w2_V_load_reg_4542             |    14|   0|    14|          0|
    +-------------------------------+------+----+------+-----------+
    |Total                          |  9670|   0|  9732|         62|
    +-------------------------------+------+----+------+-----------+



================================================================
== Interface
================================================================
* Summary: 
+--------------+-----+------+------------+------------------------------------------------------------------------------------+--------------+
|   RTL Ports  | Dir | Bits |  Protocol  |                                    Source Object                                   |    C Type    |
+--------------+-----+------+------------+------------------------------------------------------------------------------------+--------------+
|ap_clk        |  in |     1| ap_ctrl_hs | dense_latency.0.0.0.0.0.0.0.0.0.0.0.0.0.0.0.0.0.0.0.0.0.0.0.0.0.0.0.0.0.0.0.0.0..1 | return value |
|ap_rst        |  in |     1| ap_ctrl_hs | dense_latency.0.0.0.0.0.0.0.0.0.0.0.0.0.0.0.0.0.0.0.0.0.0.0.0.0.0.0.0.0.0.0.0.0..1 | return value |
|ap_start      |  in |     1| ap_ctrl_hs | dense_latency.0.0.0.0.0.0.0.0.0.0.0.0.0.0.0.0.0.0.0.0.0.0.0.0.0.0.0.0.0.0.0.0.0..1 | return value |
|ap_done       | out |     1| ap_ctrl_hs | dense_latency.0.0.0.0.0.0.0.0.0.0.0.0.0.0.0.0.0.0.0.0.0.0.0.0.0.0.0.0.0.0.0.0.0..1 | return value |
|ap_idle       | out |     1| ap_ctrl_hs | dense_latency.0.0.0.0.0.0.0.0.0.0.0.0.0.0.0.0.0.0.0.0.0.0.0.0.0.0.0.0.0.0.0.0.0..1 | return value |
|ap_ready      | out |     1| ap_ctrl_hs | dense_latency.0.0.0.0.0.0.0.0.0.0.0.0.0.0.0.0.0.0.0.0.0.0.0.0.0.0.0.0.0.0.0.0.0..1 | return value |
|ap_return_0   | out |    16| ap_ctrl_hs | dense_latency.0.0.0.0.0.0.0.0.0.0.0.0.0.0.0.0.0.0.0.0.0.0.0.0.0.0.0.0.0.0.0.0.0..1 | return value |
|ap_return_1   | out |    16| ap_ctrl_hs | dense_latency.0.0.0.0.0.0.0.0.0.0.0.0.0.0.0.0.0.0.0.0.0.0.0.0.0.0.0.0.0.0.0.0.0..1 | return value |
|ap_return_2   | out |    16| ap_ctrl_hs | dense_latency.0.0.0.0.0.0.0.0.0.0.0.0.0.0.0.0.0.0.0.0.0.0.0.0.0.0.0.0.0.0.0.0.0..1 | return value |
|ap_return_3   | out |    16| ap_ctrl_hs | dense_latency.0.0.0.0.0.0.0.0.0.0.0.0.0.0.0.0.0.0.0.0.0.0.0.0.0.0.0.0.0.0.0.0.0..1 | return value |
|ap_return_4   | out |    16| ap_ctrl_hs | dense_latency.0.0.0.0.0.0.0.0.0.0.0.0.0.0.0.0.0.0.0.0.0.0.0.0.0.0.0.0.0.0.0.0.0..1 | return value |
|ap_return_5   | out |    16| ap_ctrl_hs | dense_latency.0.0.0.0.0.0.0.0.0.0.0.0.0.0.0.0.0.0.0.0.0.0.0.0.0.0.0.0.0.0.0.0.0..1 | return value |
|ap_return_6   | out |    16| ap_ctrl_hs | dense_latency.0.0.0.0.0.0.0.0.0.0.0.0.0.0.0.0.0.0.0.0.0.0.0.0.0.0.0.0.0.0.0.0.0..1 | return value |
|ap_return_7   | out |    16| ap_ctrl_hs | dense_latency.0.0.0.0.0.0.0.0.0.0.0.0.0.0.0.0.0.0.0.0.0.0.0.0.0.0.0.0.0.0.0.0.0..1 | return value |
|ap_return_8   | out |    16| ap_ctrl_hs | dense_latency.0.0.0.0.0.0.0.0.0.0.0.0.0.0.0.0.0.0.0.0.0.0.0.0.0.0.0.0.0.0.0.0.0..1 | return value |
|ap_return_9   | out |    16| ap_ctrl_hs | dense_latency.0.0.0.0.0.0.0.0.0.0.0.0.0.0.0.0.0.0.0.0.0.0.0.0.0.0.0.0.0.0.0.0.0..1 | return value |
|ap_return_10  | out |    16| ap_ctrl_hs | dense_latency.0.0.0.0.0.0.0.0.0.0.0.0.0.0.0.0.0.0.0.0.0.0.0.0.0.0.0.0.0.0.0.0.0..1 | return value |
|ap_return_11  | out |    16| ap_ctrl_hs | dense_latency.0.0.0.0.0.0.0.0.0.0.0.0.0.0.0.0.0.0.0.0.0.0.0.0.0.0.0.0.0.0.0.0.0..1 | return value |
|ap_return_12  | out |    16| ap_ctrl_hs | dense_latency.0.0.0.0.0.0.0.0.0.0.0.0.0.0.0.0.0.0.0.0.0.0.0.0.0.0.0.0.0.0.0.0.0..1 | return value |
|ap_return_13  | out |    16| ap_ctrl_hs | dense_latency.0.0.0.0.0.0.0.0.0.0.0.0.0.0.0.0.0.0.0.0.0.0.0.0.0.0.0.0.0.0.0.0.0..1 | return value |
|ap_return_14  | out |    16| ap_ctrl_hs | dense_latency.0.0.0.0.0.0.0.0.0.0.0.0.0.0.0.0.0.0.0.0.0.0.0.0.0.0.0.0.0.0.0.0.0..1 | return value |
|ap_return_15  | out |    16| ap_ctrl_hs | dense_latency.0.0.0.0.0.0.0.0.0.0.0.0.0.0.0.0.0.0.0.0.0.0.0.0.0.0.0.0.0.0.0.0.0..1 | return value |
|ap_return_16  | out |    16| ap_ctrl_hs | dense_latency.0.0.0.0.0.0.0.0.0.0.0.0.0.0.0.0.0.0.0.0.0.0.0.0.0.0.0.0.0.0.0.0.0..1 | return value |
|ap_return_17  | out |    16| ap_ctrl_hs | dense_latency.0.0.0.0.0.0.0.0.0.0.0.0.0.0.0.0.0.0.0.0.0.0.0.0.0.0.0.0.0.0.0.0.0..1 | return value |
|ap_return_18  | out |    16| ap_ctrl_hs | dense_latency.0.0.0.0.0.0.0.0.0.0.0.0.0.0.0.0.0.0.0.0.0.0.0.0.0.0.0.0.0.0.0.0.0..1 | return value |
|ap_return_19  | out |    16| ap_ctrl_hs | dense_latency.0.0.0.0.0.0.0.0.0.0.0.0.0.0.0.0.0.0.0.0.0.0.0.0.0.0.0.0.0.0.0.0.0..1 | return value |
|ap_return_20  | out |    16| ap_ctrl_hs | dense_latency.0.0.0.0.0.0.0.0.0.0.0.0.0.0.0.0.0.0.0.0.0.0.0.0.0.0.0.0.0.0.0.0.0..1 | return value |
|ap_return_21  | out |    16| ap_ctrl_hs | dense_latency.0.0.0.0.0.0.0.0.0.0.0.0.0.0.0.0.0.0.0.0.0.0.0.0.0.0.0.0.0.0.0.0.0..1 | return value |
|ap_return_22  | out |    16| ap_ctrl_hs | dense_latency.0.0.0.0.0.0.0.0.0.0.0.0.0.0.0.0.0.0.0.0.0.0.0.0.0.0.0.0.0.0.0.0.0..1 | return value |
|ap_return_23  | out |    16| ap_ctrl_hs | dense_latency.0.0.0.0.0.0.0.0.0.0.0.0.0.0.0.0.0.0.0.0.0.0.0.0.0.0.0.0.0.0.0.0.0..1 | return value |
|ap_return_24  | out |    16| ap_ctrl_hs | dense_latency.0.0.0.0.0.0.0.0.0.0.0.0.0.0.0.0.0.0.0.0.0.0.0.0.0.0.0.0.0.0.0.0.0..1 | return value |
|ap_return_25  | out |    16| ap_ctrl_hs | dense_latency.0.0.0.0.0.0.0.0.0.0.0.0.0.0.0.0.0.0.0.0.0.0.0.0.0.0.0.0.0.0.0.0.0..1 | return value |
|ap_return_26  | out |    16| ap_ctrl_hs | dense_latency.0.0.0.0.0.0.0.0.0.0.0.0.0.0.0.0.0.0.0.0.0.0.0.0.0.0.0.0.0.0.0.0.0..1 | return value |
|ap_return_27  | out |    16| ap_ctrl_hs | dense_latency.0.0.0.0.0.0.0.0.0.0.0.0.0.0.0.0.0.0.0.0.0.0.0.0.0.0.0.0.0.0.0.0.0..1 | return value |
|ap_return_28  | out |    16| ap_ctrl_hs | dense_latency.0.0.0.0.0.0.0.0.0.0.0.0.0.0.0.0.0.0.0.0.0.0.0.0.0.0.0.0.0.0.0.0.0..1 | return value |
|ap_return_29  | out |    16| ap_ctrl_hs | dense_latency.0.0.0.0.0.0.0.0.0.0.0.0.0.0.0.0.0.0.0.0.0.0.0.0.0.0.0.0.0.0.0.0.0..1 | return value |
|ap_return_30  | out |    16| ap_ctrl_hs | dense_latency.0.0.0.0.0.0.0.0.0.0.0.0.0.0.0.0.0.0.0.0.0.0.0.0.0.0.0.0.0.0.0.0.0..1 | return value |
|ap_return_31  | out |    16| ap_ctrl_hs | dense_latency.0.0.0.0.0.0.0.0.0.0.0.0.0.0.0.0.0.0.0.0.0.0.0.0.0.0.0.0.0.0.0.0.0..1 | return value |
|ap_return_32  | out |    16| ap_ctrl_hs | dense_latency.0.0.0.0.0.0.0.0.0.0.0.0.0.0.0.0.0.0.0.0.0.0.0.0.0.0.0.0.0.0.0.0.0..1 | return value |
|ap_return_33  | out |    16| ap_ctrl_hs | dense_latency.0.0.0.0.0.0.0.0.0.0.0.0.0.0.0.0.0.0.0.0.0.0.0.0.0.0.0.0.0.0.0.0.0..1 | return value |
|ap_return_34  | out |    16| ap_ctrl_hs | dense_latency.0.0.0.0.0.0.0.0.0.0.0.0.0.0.0.0.0.0.0.0.0.0.0.0.0.0.0.0.0.0.0.0.0..1 | return value |
|ap_return_35  | out |    16| ap_ctrl_hs | dense_latency.0.0.0.0.0.0.0.0.0.0.0.0.0.0.0.0.0.0.0.0.0.0.0.0.0.0.0.0.0.0.0.0.0..1 | return value |
|ap_return_36  | out |    16| ap_ctrl_hs | dense_latency.0.0.0.0.0.0.0.0.0.0.0.0.0.0.0.0.0.0.0.0.0.0.0.0.0.0.0.0.0.0.0.0.0..1 | return value |
|ap_return_37  | out |    16| ap_ctrl_hs | dense_latency.0.0.0.0.0.0.0.0.0.0.0.0.0.0.0.0.0.0.0.0.0.0.0.0.0.0.0.0.0.0.0.0.0..1 | return value |
|ap_return_38  | out |    16| ap_ctrl_hs | dense_latency.0.0.0.0.0.0.0.0.0.0.0.0.0.0.0.0.0.0.0.0.0.0.0.0.0.0.0.0.0.0.0.0.0..1 | return value |
|ap_return_39  | out |    16| ap_ctrl_hs | dense_latency.0.0.0.0.0.0.0.0.0.0.0.0.0.0.0.0.0.0.0.0.0.0.0.0.0.0.0.0.0.0.0.0.0..1 | return value |
|ap_return_40  | out |    16| ap_ctrl_hs | dense_latency.0.0.0.0.0.0.0.0.0.0.0.0.0.0.0.0.0.0.0.0.0.0.0.0.0.0.0.0.0.0.0.0.0..1 | return value |
|ap_return_41  | out |    16| ap_ctrl_hs | dense_latency.0.0.0.0.0.0.0.0.0.0.0.0.0.0.0.0.0.0.0.0.0.0.0.0.0.0.0.0.0.0.0.0.0..1 | return value |
|ap_return_42  | out |    16| ap_ctrl_hs | dense_latency.0.0.0.0.0.0.0.0.0.0.0.0.0.0.0.0.0.0.0.0.0.0.0.0.0.0.0.0.0.0.0.0.0..1 | return value |
|ap_return_43  | out |    16| ap_ctrl_hs | dense_latency.0.0.0.0.0.0.0.0.0.0.0.0.0.0.0.0.0.0.0.0.0.0.0.0.0.0.0.0.0.0.0.0.0..1 | return value |
|ap_return_44  | out |    16| ap_ctrl_hs | dense_latency.0.0.0.0.0.0.0.0.0.0.0.0.0.0.0.0.0.0.0.0.0.0.0.0.0.0.0.0.0.0.0.0.0..1 | return value |
|ap_return_45  | out |    16| ap_ctrl_hs | dense_latency.0.0.0.0.0.0.0.0.0.0.0.0.0.0.0.0.0.0.0.0.0.0.0.0.0.0.0.0.0.0.0.0.0..1 | return value |
|ap_return_46  | out |    16| ap_ctrl_hs | dense_latency.0.0.0.0.0.0.0.0.0.0.0.0.0.0.0.0.0.0.0.0.0.0.0.0.0.0.0.0.0.0.0.0.0..1 | return value |
|ap_return_47  | out |    16| ap_ctrl_hs | dense_latency.0.0.0.0.0.0.0.0.0.0.0.0.0.0.0.0.0.0.0.0.0.0.0.0.0.0.0.0.0.0.0.0.0..1 | return value |
|ap_return_48  | out |    16| ap_ctrl_hs | dense_latency.0.0.0.0.0.0.0.0.0.0.0.0.0.0.0.0.0.0.0.0.0.0.0.0.0.0.0.0.0.0.0.0.0..1 | return value |
|ap_return_49  | out |    16| ap_ctrl_hs | dense_latency.0.0.0.0.0.0.0.0.0.0.0.0.0.0.0.0.0.0.0.0.0.0.0.0.0.0.0.0.0.0.0.0.0..1 | return value |
|ap_return_50  | out |    16| ap_ctrl_hs | dense_latency.0.0.0.0.0.0.0.0.0.0.0.0.0.0.0.0.0.0.0.0.0.0.0.0.0.0.0.0.0.0.0.0.0..1 | return value |
|ap_return_51  | out |    16| ap_ctrl_hs | dense_latency.0.0.0.0.0.0.0.0.0.0.0.0.0.0.0.0.0.0.0.0.0.0.0.0.0.0.0.0.0.0.0.0.0..1 | return value |
|ap_return_52  | out |    16| ap_ctrl_hs | dense_latency.0.0.0.0.0.0.0.0.0.0.0.0.0.0.0.0.0.0.0.0.0.0.0.0.0.0.0.0.0.0.0.0.0..1 | return value |
|ap_return_53  | out |    16| ap_ctrl_hs | dense_latency.0.0.0.0.0.0.0.0.0.0.0.0.0.0.0.0.0.0.0.0.0.0.0.0.0.0.0.0.0.0.0.0.0..1 | return value |
|ap_return_54  | out |    16| ap_ctrl_hs | dense_latency.0.0.0.0.0.0.0.0.0.0.0.0.0.0.0.0.0.0.0.0.0.0.0.0.0.0.0.0.0.0.0.0.0..1 | return value |
|ap_return_55  | out |    16| ap_ctrl_hs | dense_latency.0.0.0.0.0.0.0.0.0.0.0.0.0.0.0.0.0.0.0.0.0.0.0.0.0.0.0.0.0.0.0.0.0..1 | return value |
|ap_return_56  | out |    16| ap_ctrl_hs | dense_latency.0.0.0.0.0.0.0.0.0.0.0.0.0.0.0.0.0.0.0.0.0.0.0.0.0.0.0.0.0.0.0.0.0..1 | return value |
|ap_return_57  | out |    16| ap_ctrl_hs | dense_latency.0.0.0.0.0.0.0.0.0.0.0.0.0.0.0.0.0.0.0.0.0.0.0.0.0.0.0.0.0.0.0.0.0..1 | return value |
|ap_return_58  | out |    16| ap_ctrl_hs | dense_latency.0.0.0.0.0.0.0.0.0.0.0.0.0.0.0.0.0.0.0.0.0.0.0.0.0.0.0.0.0.0.0.0.0..1 | return value |
|ap_return_59  | out |    16| ap_ctrl_hs | dense_latency.0.0.0.0.0.0.0.0.0.0.0.0.0.0.0.0.0.0.0.0.0.0.0.0.0.0.0.0.0.0.0.0.0..1 | return value |
|ap_return_60  | out |    16| ap_ctrl_hs | dense_latency.0.0.0.0.0.0.0.0.0.0.0.0.0.0.0.0.0.0.0.0.0.0.0.0.0.0.0.0.0.0.0.0.0..1 | return value |
|ap_return_61  | out |    16| ap_ctrl_hs | dense_latency.0.0.0.0.0.0.0.0.0.0.0.0.0.0.0.0.0.0.0.0.0.0.0.0.0.0.0.0.0.0.0.0.0..1 | return value |
|ap_return_62  | out |    16| ap_ctrl_hs | dense_latency.0.0.0.0.0.0.0.0.0.0.0.0.0.0.0.0.0.0.0.0.0.0.0.0.0.0.0.0.0.0.0.0.0..1 | return value |
|ap_return_63  | out |    16| ap_ctrl_hs | dense_latency.0.0.0.0.0.0.0.0.0.0.0.0.0.0.0.0.0.0.0.0.0.0.0.0.0.0.0.0.0.0.0.0.0..1 | return value |
|data_V_read   |  in |  6384|   ap_none  |                                     data_V_read                                    |    scalar    |
+--------------+-----+------+------------+------------------------------------------------------------------------------------+--------------+

