

================================================================
== Vivado HLS Report for 'k2c_matmul_1'
================================================================
* Date:           Mon Apr 22 22:21:17 2024

* Version:        2018.2 (Build 2258646 on Thu Jun 14 20:25:20 MDT 2018)
* Project:        WEB_MODEL_2
* Solution:       solution2
* Product family: artix7
* Target device:  xc7a200tsbv484-2


================================================================
== Performance Estimates
================================================================
+ Timing (ns): 
    * Summary: 
    +--------+-------+----------+------------+
    |  Clock | Target| Estimated| Uncertainty|
    +--------+-------+----------+------------+
    |ap_clk  |  10.00|     9.738|        1.25|
    +--------+-------+----------+------------+

+ Latency (clock cycles): 
    * Summary: 
    +-----+-----+-----+-----+---------+
    |  Latency  |  Interval | Pipeline|
    | min | max | min | max |   Type  |
    +-----+-----+-----+-----+---------+
    |    ?|    ?|    ?|    ?|   none  |
    +-----+-----+-----+-----+---------+

    + Detail: 
        * Instance: 
        N/A

        * Loop: 
        +----------+-----+-----+----------+-----------+-----------+------+----------+
        |          |  Latency  | Iteration|  Initiation Interval  | Trip |          |
        | Loop Name| min | max |  Latency |  achieved |   target  | Count| Pipelined|
        +----------+-----+-----+----------+-----------+-----------+------+----------+
        |- Loop 1  |    ?|    ?|         1|          -|          -|     ?|    no    |
        |- Loop 2  |    ?|    ?|        12|          6|          1|     ?|    yes   |
        +----------+-----+-----+----------+-----------+-----------+------+----------+

============================================================
+ Verbose Summary: Synthesis Manager
============================================================
InlineROM: 1
ExposeGlobal: 0
============================================================
+ Verbose Summary: CDFG Model
============================================================
IsTopModel: 0
ResetActiveHigh: 1
IsCombinational: 0
IsDatapathOnly: 0
HasWiredReturn: 1
HasMFsm: 0
HasVarLatency: 1
IsPipeline: 0
IsRtlPipelined: 0
IsInstanceOverlapped: 0
IsDontTouch: 0
HasImplIP: 0
IsGatedGlobalClock: 0

+ Individual pipeline summary: 
  * Pipeline-0: initiation interval (II) = 6, depth = 12


============================================================
+ Verbose Summary: Schedule
============================================================
* Number of FSM states : 19
* Pipeline : 1
  Pipeline-0 : II = 6, D = 12, States = { 7 8 9 10 11 12 13 14 15 16 17 18 }
* Dataflow Pipeline: 0

* FSM state transitions: 
1 --> 
	2  / true
2 --> 
	3  / true
3 --> 
	4  / (exitcond3)
	3  / (!exitcond3)
4 --> 
	5  / true
5 --> 
	6  / true
6 --> 
	7  / true
7 --> 
	8  / true
8 --> 
	9  / true
9 --> 
	10  / true
10 --> 
	19  / (exitcond_flatten2)
	11  / (!exitcond_flatten2)
11 --> 
	12  / true
12 --> 
	13  / true
13 --> 
	14  / true
14 --> 
	15  / true
15 --> 
	16  / true
16 --> 
	17  / true
17 --> 
	18  / true
18 --> 
	7  / true
19 --> 

* FSM state operations: 

State 1 <SV = 0> <Delay = 8.60>
ST_1 : Operation 20 [1/1] (0.00ns)   --->   "%outcols_read = call i64 @_ssdm_op_Read.ap_auto.i64(i64 %outcols)"   --->   Operation 20 'read' 'outcols_read' <Predicate = true> <Delay = 0.00>
ST_1 : Operation 21 [1/1] (0.00ns)   --->   "%outrows_read = call i64 @_ssdm_op_Read.ap_auto.i64(i64 %outrows)"   --->   Operation 21 'read' 'outrows_read' <Predicate = true> <Delay = 0.00>
ST_1 : Operation 22 [2/2] (8.60ns)   --->   "%tmp = mul i64 %outcols_read, %outrows_read" [WebModel.c:263]   --->   Operation 22 'mul' 'tmp' <Predicate = true> <Delay = 8.60> <Core = "MulnS">   --->   Core 17 'MulnS' <Latency = 1> <II = 1> <Delay = 8.60> <FuncUnit> <Opcode : 'mul'> <InPorts = 2> <OutPorts = 1>

State 2 <SV = 1> <Delay = 8.60>
ST_2 : Operation 23 [1/1] (0.00ns)   --->   "%innerdim_read = call i64 @_ssdm_op_Read.ap_auto.i64(i64 %innerdim)"   --->   Operation 23 'read' 'innerdim_read' <Predicate = true> <Delay = 0.00>
ST_2 : Operation 24 [1/1] (0.00ns)   --->   "%B_offset_read = call i64 @_ssdm_op_Read.ap_auto.i64(i64 %B_offset)"   --->   Operation 24 'read' 'B_offset_read' <Predicate = true> <Delay = 0.00>
ST_2 : Operation 25 [1/2] (8.60ns)   --->   "%tmp = mul i64 %outcols_read, %outrows_read" [WebModel.c:263]   --->   Operation 25 'mul' 'tmp' <Predicate = true> <Delay = 8.60> <Core = "MulnS">   --->   Core 17 'MulnS' <Latency = 1> <II = 1> <Delay = 8.60> <FuncUnit> <Opcode : 'mul'> <InPorts = 2> <OutPorts = 1>
ST_2 : Operation 26 [1/1] (1.35ns)   --->   "br label %1" [WebModel.c:263]   --->   Operation 26 'br' <Predicate = true> <Delay = 1.35>

State 3 <SV = 2> <Delay = 8.60>
ST_3 : Operation 27 [1/1] (0.00ns)   --->   "%a = phi i15 [ 0, %0 ], [ %a10, %2 ]"   --->   Operation 27 'phi' 'a' <Predicate = true> <Delay = 0.00>
ST_3 : Operation 28 [1/1] (0.00ns)   --->   "%a_cast = zext i15 %a to i64" [WebModel.c:263]   --->   Operation 28 'zext' 'a_cast' <Predicate = true> <Delay = 0.00>
ST_3 : Operation 29 [1/1] (2.34ns)   --->   "%exitcond3 = icmp eq i64 %a_cast, %tmp" [WebModel.c:263]   --->   Operation 29 'icmp' 'exitcond3' <Predicate = true> <Delay = 2.34> <Core = "Cmp">   --->   Core 25 'Cmp' <Latency = 0> <II = 1> <Delay = 2.34> <FuncUnit> <Opcode : 'icmp'> <InPorts = 2> <OutPorts = 1>
ST_3 : Operation 30 [1/1] (1.82ns)   --->   "%a10 = add i15 %a, 1" [WebModel.c:263]   --->   Operation 30 'add' 'a10' <Predicate = true> <Delay = 1.82> <Core = "AddSub">   --->   Core 14 'AddSub' <Latency = 0> <II = 1> <Delay = 1.82> <FuncUnit> <Opcode : 'add' 'sub'> <InPorts = 2> <OutPorts = 1>
ST_3 : Operation 31 [1/1] (0.00ns)   --->   "br i1 %exitcond3, label %.preheader4.preheader, label %2" [WebModel.c:263]   --->   Operation 31 'br' <Predicate = true> <Delay = 0.00>
ST_3 : Operation 32 [1/1] (0.00ns)   --->   "%C_addr = getelementptr [26000 x float]* %C, i64 0, i64 %a_cast" [WebModel.c:265]   --->   Operation 32 'getelementptr' 'C_addr' <Predicate = (!exitcond3)> <Delay = 0.00>
ST_3 : Operation 33 [1/1] (2.77ns)   --->   "store float 0.000000e+00, float* %C_addr, align 4" [WebModel.c:265]   --->   Operation 33 'store' <Predicate = (!exitcond3)> <Delay = 2.77> <Core = "RAM">   --->   Core 37 'RAM' <Latency = 1> <II = 1> <Delay = 2.77> <Storage> <Opcode : 'load' 'store'> <Ports = 2> <Width = 32> <Depth = 26000> <RAM>
ST_3 : Operation 34 [1/1] (0.00ns)   --->   "br label %1" [WebModel.c:263]   --->   Operation 34 'br' <Predicate = (!exitcond3)> <Delay = 0.00>
ST_3 : Operation 35 [1/1] (0.00ns)   --->   "%tmp_21 = trunc i64 %B_offset_read to i14"   --->   Operation 35 'trunc' 'tmp_21' <Predicate = (exitcond3)> <Delay = 0.00>
ST_3 : Operation 36 [1/1] (0.00ns)   --->   "%cast = zext i64 %outrows_read to i128"   --->   Operation 36 'zext' 'cast' <Predicate = (exitcond3)> <Delay = 0.00>
ST_3 : Operation 37 [1/1] (0.00ns)   --->   "%cast2 = zext i64 %outcols_read to i128"   --->   Operation 37 'zext' 'cast2' <Predicate = (exitcond3)> <Delay = 0.00>
ST_3 : Operation 38 [2/2] (8.60ns)   --->   "%bound = mul i128 %cast2, %cast"   --->   Operation 38 'mul' 'bound' <Predicate = (exitcond3)> <Delay = 8.60> <Core = "MulnS">   --->   Core 17 'MulnS' <Latency = 1> <II = 1> <Delay = 8.60> <FuncUnit> <Opcode : 'mul'> <InPorts = 2> <OutPorts = 1>

State 4 <SV = 3> <Delay = 8.60>
ST_4 : Operation 39 [1/2] (8.60ns)   --->   "%bound = mul i128 %cast2, %cast"   --->   Operation 39 'mul' 'bound' <Predicate = true> <Delay = 8.60> <Core = "MulnS">   --->   Core 17 'MulnS' <Latency = 1> <II = 1> <Delay = 8.60> <FuncUnit> <Opcode : 'mul'> <InPorts = 2> <OutPorts = 1>

State 5 <SV = 4> <Delay = 8.60>
ST_5 : Operation 40 [1/1] (0.00ns)   --->   "%tmp_20 = trunc i64 %innerdim_read to i14" [WebModel.c:272]   --->   Operation 40 'trunc' 'tmp_20' <Predicate = true> <Delay = 0.00>
ST_5 : Operation 41 [1/1] (0.00ns)   --->   "%cast3 = zext i64 %innerdim_read to i192"   --->   Operation 41 'zext' 'cast3' <Predicate = true> <Delay = 0.00>
ST_5 : Operation 42 [1/1] (0.00ns)   --->   "%cast4 = zext i128 %bound to i192"   --->   Operation 42 'zext' 'cast4' <Predicate = true> <Delay = 0.00>
ST_5 : Operation 43 [2/2] (8.60ns)   --->   "%bound5 = mul i192 %cast4, %cast3"   --->   Operation 43 'mul' 'bound5' <Predicate = true> <Delay = 8.60> <Core = "MulnS">   --->   Core 17 'MulnS' <Latency = 1> <II = 1> <Delay = 8.60> <FuncUnit> <Opcode : 'mul'> <InPorts = 2> <OutPorts = 1>

State 6 <SV = 5> <Delay = 8.60>
ST_6 : Operation 44 [1/1] (0.00ns)   --->   "%tmp_18 = trunc i64 %outcols_read to i14" [WebModel.c:276]   --->   Operation 44 'trunc' 'tmp_18' <Predicate = true> <Delay = 0.00>
ST_6 : Operation 45 [1/1] (0.00ns)   --->   "%tmp_19 = trunc i64 %outcols_read to i16" [WebModel.c:271]   --->   Operation 45 'trunc' 'tmp_19' <Predicate = true> <Delay = 0.00>
ST_6 : Operation 46 [1/2] (8.60ns)   --->   "%bound5 = mul i192 %cast4, %cast3"   --->   Operation 46 'mul' 'bound5' <Predicate = true> <Delay = 8.60> <Core = "MulnS">   --->   Core 17 'MulnS' <Latency = 1> <II = 1> <Delay = 8.60> <FuncUnit> <Opcode : 'mul'> <InPorts = 2> <OutPorts = 1>
ST_6 : Operation 47 [1/1] (2.34ns)   --->   "%exitcond_mid = icmp eq i64 %outcols_read, 0" [WebModel.c:274]   --->   Operation 47 'icmp' 'exitcond_mid' <Predicate = true> <Delay = 2.34> <Core = "Cmp">   --->   Core 25 'Cmp' <Latency = 0> <II = 1> <Delay = 2.34> <FuncUnit> <Opcode : 'icmp'> <InPorts = 2> <OutPorts = 1>
ST_6 : Operation 48 [1/1] (1.35ns)   --->   "br label %3" [WebModel.c:269]   --->   Operation 48 'br' <Predicate = true> <Delay = 1.35>

State 7 <SV = 6> <Delay = 6.35>
ST_7 : Operation 49 [1/1] (0.00ns)   --->   "%indvar_flatten2 = phi i192 [ 0, %.preheader4.preheader ], [ %indvar_flatten_next2, %.preheader4 ]"   --->   Operation 49 'phi' 'indvar_flatten2' <Predicate = true> <Delay = 0.00>
ST_7 : Operation 50 [1/1] (0.00ns)   --->   "%k = phi i64 [ 0, %.preheader4.preheader ], [ %k_mid2, %.preheader4 ]" [WebModel.c:269]   --->   Operation 50 'phi' 'k' <Predicate = true> <Delay = 0.00>
ST_7 : Operation 51 [1/1] (0.00ns)   --->   "%indvar_flatten = phi i128 [ 0, %.preheader4.preheader ], [ %indvar_flatten_next, %.preheader4 ]"   --->   Operation 51 'phi' 'indvar_flatten' <Predicate = true> <Delay = 0.00>
ST_7 : Operation 52 [1/1] (0.00ns)   --->   "%i = phi i64 [ 0, %.preheader4.preheader ], [ %i_mid2, %.preheader4 ]" [WebModel.c:274]   --->   Operation 52 'phi' 'i' <Predicate = true> <Delay = 0.00>
ST_7 : Operation 53 [1/1] (0.00ns)   --->   "%j = phi i64 [ 0, %.preheader4.preheader ], [ %j_1, %.preheader4 ]"   --->   Operation 53 'phi' 'j' <Predicate = true> <Delay = 0.00>
ST_7 : Operation 54 [1/1] (0.00ns)   --->   "%tmp_22 = trunc i64 %k to i14" [WebModel.c:269]   --->   Operation 54 'trunc' 'tmp_22' <Predicate = true> <Delay = 0.00>
ST_7 : Operation 55 [1/1] (0.00ns)   --->   "%tmp_23 = trunc i64 %i to i14" [WebModel.c:270]   --->   Operation 55 'trunc' 'tmp_23' <Predicate = true> <Delay = 0.00>
ST_7 : Operation 56 [1/1] (0.00ns)   --->   "%tmp_24 = trunc i64 %i to i16" [WebModel.c:270]   --->   Operation 56 'trunc' 'tmp_24' <Predicate = true> <Delay = 0.00>
ST_7 : Operation 57 [1/1] (2.82ns)   --->   "%inneridx = mul i14 %tmp_23, %tmp_20" [WebModel.c:272]   --->   Operation 57 'mul' 'inneridx' <Predicate = true> <Delay = 2.82> <Core = "DSP48">   --->   Core 61 'DSP48' <Latency = 0> <II = 1> <Delay = 6.35> <IPBlock> <Opcode : 'mul' 'add' 'sub' 'select'> <InPorts = 0> <OutPorts = 1> <Sync> <CReg>
ST_7 : Operation 58 [1/1] (3.53ns)   --->   "%sum = add i14 %inneridx, %tmp_22" [WebModel.c:272]   --->   Operation 58 'add' 'sum' <Predicate = true> <Delay = 3.53> <Core = "DSP48">   --->   Core 61 'DSP48' <Latency = 0> <II = 1> <Delay = 6.35> <IPBlock> <Opcode : 'mul' 'add' 'sub' 'select'> <InPorts = 0> <OutPorts = 1> <Sync> <CReg>
ST_7 : Operation 59 [1/1] (3.33ns)   --->   "%exitcond_flatten2 = icmp eq i192 %indvar_flatten2, %bound5"   --->   Operation 59 'icmp' 'exitcond_flatten2' <Predicate = true> <Delay = 3.33> <Core = "Cmp">   --->   Core 25 'Cmp' <Latency = 0> <II = 1> <Delay = 2.34> <FuncUnit> <Opcode : 'icmp'> <InPorts = 2> <OutPorts = 1>
ST_7 : Operation 60 [1/1] (2.91ns)   --->   "%exitcond_flatten = icmp eq i128 %indvar_flatten, %bound"   --->   Operation 60 'icmp' 'exitcond_flatten' <Predicate = (!exitcond_flatten2)> <Delay = 2.91> <Core = "Cmp">   --->   Core 25 'Cmp' <Latency = 0> <II = 1> <Delay = 2.34> <FuncUnit> <Opcode : 'icmp'> <InPorts = 2> <OutPorts = 1>
ST_7 : Operation 61 [1/1] (0.83ns)   --->   "%i_mid = select i1 %exitcond_flatten, i64 0, i64 %i" [WebModel.c:274]   --->   Operation 61 'select' 'i_mid' <Predicate = (!exitcond_flatten2)> <Delay = 0.83> <Core = "Sel">   --->   Core 26 'Sel' <Latency = 0> <II = 1> <Delay = 1.49> <FuncUnit> <Opcode : 'select'> <InPorts = 3> <OutPorts = 1>
ST_7 : Operation 62 [1/1] (2.99ns)   --->   "%k_s = add i64 1, %k" [WebModel.c:269]   --->   Operation 62 'add' 'k_s' <Predicate = (!exitcond_flatten2)> <Delay = 2.99> <Core = "AddSub">   --->   Core 14 'AddSub' <Latency = 0> <II = 1> <Delay = 1.82> <FuncUnit> <Opcode : 'add' 'sub'> <InPorts = 2> <OutPorts = 1>
ST_7 : Operation 63 [1/1] (0.00ns)   --->   "%tmp_25 = trunc i64 %k_s to i14" [WebModel.c:269]   --->   Operation 63 'trunc' 'tmp_25' <Predicate = (!exitcond_flatten2)> <Delay = 0.00>
ST_7 : Operation 64 [1/1] (0.61ns)   --->   "%k_cast_mid2 = select i1 %exitcond_flatten, i14 %tmp_25, i14 %tmp_22" [WebModel.c:269]   --->   Operation 64 'select' 'k_cast_mid2' <Predicate = (!exitcond_flatten2)> <Delay = 0.61> <Core = "Sel">   --->   Core 26 'Sel' <Latency = 0> <II = 1> <Delay = 1.49> <FuncUnit> <Opcode : 'select'> <InPorts = 3> <OutPorts = 1>
ST_7 : Operation 65 [1/1] (2.34ns)   --->   "%exitcond = icmp eq i64 %j, %outcols_read" [WebModel.c:274]   --->   Operation 65 'icmp' 'exitcond' <Predicate = (!exitcond_flatten2)> <Delay = 2.34> <Core = "Cmp">   --->   Core 25 'Cmp' <Latency = 0> <II = 1> <Delay = 2.34> <FuncUnit> <Opcode : 'icmp'> <InPorts = 2> <OutPorts = 1>
ST_7 : Operation 66 [1/1] (0.81ns)   --->   "%exitcond_mid2 = select i1 %exitcond_flatten, i1 %exitcond_mid, i1 %exitcond" [WebModel.c:274]   --->   Operation 66 'select' 'exitcond_mid2' <Predicate = (!exitcond_flatten2)> <Delay = 0.81> <Core = "Sel">   --->   Core 26 'Sel' <Latency = 0> <II = 1> <Delay = 1.49> <FuncUnit> <Opcode : 'select'> <InPorts = 3> <OutPorts = 1>
ST_7 : Operation 67 [1/1] (0.83ns)   --->   "%k_mid2 = select i1 %exitcond_flatten, i64 %k_s, i64 %k" [WebModel.c:269]   --->   Operation 67 'select' 'k_mid2' <Predicate = (!exitcond_flatten2)> <Delay = 0.83> <Core = "Sel">   --->   Core 26 'Sel' <Latency = 0> <II = 1> <Delay = 1.49> <FuncUnit> <Opcode : 'select'> <InPorts = 3> <OutPorts = 1>
ST_7 : Operation 68 [1/1] (0.00ns) (grouped into LUT with out node j_mid2)   --->   "%tmp_6 = or i1 %exitcond_mid2, %exitcond_flatten" [WebModel.c:274]   --->   Operation 68 'or' 'tmp_6' <Predicate = (!exitcond_flatten2)> <Delay = 0.00> <Core = "LogicGate">   --->   Core 27 'LogicGate' <Latency = 0> <II = 1> <Delay = 0.80> <FuncUnit> <Opcode : 'and' 'or' 'xor'> <InPorts = 2> <OutPorts = 1>
ST_7 : Operation 69 [1/1] (0.83ns) (out node of the LUT)   --->   "%j_mid2 = select i1 %tmp_6, i64 0, i64 %j" [WebModel.c:274]   --->   Operation 69 'select' 'j_mid2' <Predicate = (!exitcond_flatten2)> <Delay = 0.83> <Core = "Sel">   --->   Core 26 'Sel' <Latency = 0> <II = 1> <Delay = 1.49> <FuncUnit> <Opcode : 'select'> <InPorts = 3> <OutPorts = 1>
ST_7 : Operation 70 [1/1] (0.00ns)   --->   "%tmp_29 = trunc i64 %j_mid2 to i14" [WebModel.c:274]   --->   Operation 70 'trunc' 'tmp_29' <Predicate = (!exitcond_flatten2)> <Delay = 0.00>
ST_7 : Operation 71 [1/1] (4.56ns)   --->   "%indvar_flatten_op = add i128 1, %indvar_flatten"   --->   Operation 71 'add' 'indvar_flatten_op' <Predicate = (!exitcond_flatten2)> <Delay = 4.56> <Core = "AddSub">   --->   Core 14 'AddSub' <Latency = 0> <II = 1> <Delay = 1.82> <FuncUnit> <Opcode : 'add' 'sub'> <InPorts = 2> <OutPorts = 1>

State 8 <SV = 7> <Delay = 8.15>
ST_8 : Operation 72 [1/1] (2.82ns)   --->   "%tmp1_mid2_v = mul i14 %k_cast_mid2, %tmp_18" [WebModel.c:269]   --->   Operation 72 'mul' 'tmp1_mid2_v' <Predicate = (!exitcond_flatten2)> <Delay = 2.82> <Core = "DSP48">   --->   Core 61 'DSP48' <Latency = 0> <II = 1> <Delay = 6.35> <IPBlock> <Opcode : 'mul' 'add' 'sub' 'select'> <InPorts = 0> <OutPorts = 1> <Sync> <CReg>
ST_8 : Operation 73 [1/1] (3.53ns)   --->   "%tmp1_mid2 = add i14 %tmp1_mid2_v, %tmp_21" [WebModel.c:269]   --->   Operation 73 'add' 'tmp1_mid2' <Predicate = (!exitcond_flatten2)> <Delay = 3.53> <Core = "DSP48">   --->   Core 61 'DSP48' <Latency = 0> <II = 1> <Delay = 6.35> <IPBlock> <Opcode : 'mul' 'add' 'sub' 'select'> <InPorts = 0> <OutPorts = 1> <Sync> <CReg>
ST_8 : Operation 74 [1/1] (2.99ns)   --->   "%i_4 = add i64 1, %i_mid" [WebModel.c:270]   --->   Operation 74 'add' 'i_4' <Predicate = (!exitcond_flatten2)> <Delay = 2.99> <Core = "AddSub">   --->   Core 14 'AddSub' <Latency = 0> <II = 1> <Delay = 1.82> <FuncUnit> <Opcode : 'add' 'sub'> <InPorts = 2> <OutPorts = 1>
ST_8 : Operation 75 [1/1] (0.00ns)   --->   "%tmp_26 = trunc i64 %i_4 to i14" [WebModel.c:270]   --->   Operation 75 'trunc' 'tmp_26' <Predicate = (!exitcond_flatten2 & exitcond_mid2)> <Delay = 0.00>
ST_8 : Operation 76 [1/1] (0.00ns)   --->   "%tmp_27 = trunc i64 %i_4 to i16" [WebModel.c:270]   --->   Operation 76 'trunc' 'tmp_27' <Predicate = (!exitcond_flatten2 & exitcond_mid2)> <Delay = 0.00>
ST_8 : Operation 77 [1/1] (0.83ns)   --->   "%i_mid2 = select i1 %exitcond_mid2, i64 %i_4, i64 %i_mid" [WebModel.c:274]   --->   Operation 77 'select' 'i_mid2' <Predicate = (!exitcond_flatten2)> <Delay = 0.83> <Core = "Sel">   --->   Core 26 'Sel' <Latency = 0> <II = 1> <Delay = 1.49> <FuncUnit> <Opcode : 'select'> <InPorts = 3> <OutPorts = 1>
ST_8 : Operation 78 [1/1] (1.80ns)   --->   "%sum3 = add i14 %tmp1_mid2, %tmp_29" [WebModel.c:269]   --->   Operation 78 'add' 'sum3' <Predicate = (!exitcond_flatten2)> <Delay = 1.80> <Core = "AddSub">   --->   Core 14 'AddSub' <Latency = 0> <II = 1> <Delay = 1.82> <FuncUnit> <Opcode : 'add' 'sub'> <InPorts = 2> <OutPorts = 1>

State 9 <SV = 8> <Delay = 9.73>
ST_9 : Operation 79 [1/1] (0.00ns) (grouped into LUT with out node sum_cast_mid2_v)   --->   "%sum_cast_mid221_v = select i1 %exitcond_flatten, i14 %tmp_25, i14 %sum" [WebModel.c:269]   --->   Operation 79 'select' 'sum_cast_mid221_v' <Predicate = (!exitcond_flatten2 & !exitcond_mid2)> <Delay = 0.00> <Core = "Sel">   --->   Core 26 'Sel' <Latency = 0> <II = 1> <Delay = 1.49> <FuncUnit> <Opcode : 'select'> <InPorts = 3> <OutPorts = 1>
ST_9 : Operation 80 [1/1] (2.82ns)   --->   "%inneridx_mid1 = mul i14 %tmp_26, %tmp_20" [WebModel.c:272]   --->   Operation 80 'mul' 'inneridx_mid1' <Predicate = (!exitcond_flatten2 & exitcond_mid2)> <Delay = 2.82> <Core = "DSP48">   --->   Core 61 'DSP48' <Latency = 0> <II = 1> <Delay = 6.35> <IPBlock> <Opcode : 'mul' 'add' 'sub' 'select'> <InPorts = 0> <OutPorts = 1> <Sync> <CReg>
ST_9 : Operation 81 [1/1] (3.53ns)   --->   "%sum_mid1 = add i14 %inneridx_mid1, %k_cast_mid2" [WebModel.c:272]   --->   Operation 81 'add' 'sum_mid1' <Predicate = (!exitcond_flatten2 & exitcond_mid2)> <Delay = 3.53> <Core = "DSP48">   --->   Core 61 'DSP48' <Latency = 0> <II = 1> <Delay = 6.35> <IPBlock> <Opcode : 'mul' 'add' 'sub' 'select'> <InPorts = 0> <OutPorts = 1> <Sync> <CReg>
ST_9 : Operation 82 [1/1] (0.61ns) (out node of the LUT)   --->   "%sum_cast_mid2_v = select i1 %exitcond_mid2, i14 %sum_mid1, i14 %sum_cast_mid221_v" [WebModel.c:274]   --->   Operation 82 'select' 'sum_cast_mid2_v' <Predicate = (!exitcond_flatten2)> <Delay = 0.61> <Core = "Sel">   --->   Core 26 'Sel' <Latency = 0> <II = 1> <Delay = 1.49> <FuncUnit> <Opcode : 'select'> <InPorts = 3> <OutPorts = 1>
ST_9 : Operation 83 [1/1] (0.00ns)   --->   "%sum_cast_mid2 = zext i14 %sum_cast_mid2_v to i64" [WebModel.c:274]   --->   Operation 83 'zext' 'sum_cast_mid2' <Predicate = (!exitcond_flatten2)> <Delay = 0.00>
ST_9 : Operation 84 [1/1] (0.00ns)   --->   "%B_addr = getelementptr [4160 x float]* %B, i64 0, i64 %sum_cast_mid2" [WebModel.c:276]   --->   Operation 84 'getelementptr' 'B_addr' <Predicate = (!exitcond_flatten2)> <Delay = 0.00>
ST_9 : Operation 85 [2/2] (2.77ns)   --->   "%B_load_2 = load float* %B_addr, align 4" [WebModel.c:276]   --->   Operation 85 'load' 'B_load_2' <Predicate = (!exitcond_flatten2)> <Delay = 2.77> <Core = "RAM">   --->   Core 37 'RAM' <Latency = 1> <II = 1> <Delay = 2.77> <Storage> <Opcode : 'load' 'store'> <Ports = 2> <Width = 32> <Depth = 26000> <RAM>
ST_9 : Operation 86 [1/1] (0.00ns)   --->   "%sum3_cast = zext i14 %sum3 to i64" [WebModel.c:269]   --->   Operation 86 'zext' 'sum3_cast' <Predicate = (!exitcond_flatten2)> <Delay = 0.00>
ST_9 : Operation 87 [1/1] (0.00ns)   --->   "%B_addr_2 = getelementptr [4160 x float]* %B, i64 0, i64 %sum3_cast" [WebModel.c:276]   --->   Operation 87 'getelementptr' 'B_addr_2' <Predicate = (!exitcond_flatten2)> <Delay = 0.00>
ST_9 : Operation 88 [2/2] (2.77ns)   --->   "%B_load = load float* %B_addr_2, align 4" [WebModel.c:276]   --->   Operation 88 'load' 'B_load' <Predicate = (!exitcond_flatten2)> <Delay = 2.77> <Core = "RAM">   --->   Core 37 'RAM' <Latency = 1> <II = 1> <Delay = 2.77> <Storage> <Opcode : 'load' 'store'> <Ports = 2> <Width = 32> <Depth = 26000> <RAM>

State 10 <SV = 9> <Delay = 6.35>
ST_10 : Operation 89 [1/1] (6.35ns)   --->   "%outrowidx = mul i16 %tmp_24, %tmp_19" [WebModel.c:271]   --->   Operation 89 'mul' 'outrowidx' <Predicate = (!exitcond_flatten & !exitcond_mid2)> <Delay = 6.35> <Core = "DSP48">   --->   Core 61 'DSP48' <Latency = 0> <II = 1> <Delay = 6.35> <IPBlock> <Opcode : 'mul' 'add' 'sub' 'select'> <InPorts = 0> <OutPorts = 1> <Sync> <CReg>
ST_10 : Operation 90 [1/1] (6.16ns)   --->   "%indvar_flatten_next2 = add i192 1, %indvar_flatten2"   --->   Operation 90 'add' 'indvar_flatten_next2' <Predicate = true> <Delay = 6.16> <Core = "AddSub">   --->   Core 14 'AddSub' <Latency = 0> <II = 1> <Delay = 1.82> <FuncUnit> <Opcode : 'add' 'sub'> <InPorts = 2> <OutPorts = 1>
ST_10 : Operation 91 [1/1] (0.00ns)   --->   "br i1 %exitcond_flatten2, label %4, label %.preheader4"   --->   Operation 91 'br' <Predicate = true> <Delay = 0.00>
ST_10 : Operation 92 [1/2] (2.77ns)   --->   "%B_load_2 = load float* %B_addr, align 4" [WebModel.c:276]   --->   Operation 92 'load' 'B_load_2' <Predicate = (!exitcond_flatten2)> <Delay = 2.77> <Core = "RAM">   --->   Core 37 'RAM' <Latency = 1> <II = 1> <Delay = 2.77> <Storage> <Opcode : 'load' 'store'> <Ports = 2> <Width = 32> <Depth = 26000> <RAM>
ST_10 : Operation 93 [1/2] (2.77ns)   --->   "%B_load = load float* %B_addr_2, align 4" [WebModel.c:276]   --->   Operation 93 'load' 'B_load' <Predicate = (!exitcond_flatten2)> <Delay = 2.77> <Core = "RAM">   --->   Core 37 'RAM' <Latency = 1> <II = 1> <Delay = 2.77> <Storage> <Opcode : 'load' 'store'> <Ports = 2> <Width = 32> <Depth = 26000> <RAM>

State 11 <SV = 10> <Delay = 8.54>
ST_11 : Operation 94 [1/1] (6.35ns)   --->   "%outrowidx_mid1 = mul i16 %tmp_27, %tmp_19" [WebModel.c:271]   --->   Operation 94 'mul' 'outrowidx_mid1' <Predicate = (!exitcond_flatten2 & exitcond_mid2)> <Delay = 6.35> <Core = "DSP48">   --->   Core 61 'DSP48' <Latency = 0> <II = 1> <Delay = 6.35> <IPBlock> <Opcode : 'mul' 'add' 'sub' 'select'> <InPorts = 0> <OutPorts = 1> <Sync> <CReg>
ST_11 : Operation 95 [3/3] (8.54ns)   --->   "%tmp_3 = fmul float %B_load_2, %B_load" [WebModel.c:276]   --->   Operation 95 'fmul' 'tmp_3' <Predicate = (!exitcond_flatten2)> <Delay = 8.54> <Core = "FMul">   --->   Core 100 'FMul' <Latency = 2> <II = 1> <Delay = 8.54> <FuncUnit> <Opcode : 'fmul'> <InPorts = 2> <OutPorts = 1>

State 12 <SV = 11> <Delay = 8.54>
ST_12 : Operation 96 [1/1] (0.00ns) (grouped into LUT with out node sum2)   --->   "%outrowidx_mid = select i1 %exitcond_flatten, i16 0, i16 %outrowidx" [WebModel.c:271]   --->   Operation 96 'select' 'outrowidx_mid' <Predicate = (!exitcond_flatten2 & !exitcond_mid2)> <Delay = 0.00> <Core = "Sel">   --->   Core 26 'Sel' <Latency = 0> <II = 1> <Delay = 1.49> <FuncUnit> <Opcode : 'select'> <InPorts = 3> <OutPorts = 1>
ST_12 : Operation 97 [1/1] (0.00ns) (grouped into LUT with out node sum2)   --->   "%outrowidx_mid2 = select i1 %exitcond_mid2, i16 %outrowidx_mid1, i16 %outrowidx_mid" [WebModel.c:271]   --->   Operation 97 'select' 'outrowidx_mid2' <Predicate = (!exitcond_flatten2)> <Delay = 0.00> <Core = "Sel">   --->   Core 26 'Sel' <Latency = 0> <II = 1> <Delay = 1.49> <FuncUnit> <Opcode : 'select'> <InPorts = 3> <OutPorts = 1>
ST_12 : Operation 98 [1/1] (0.00ns) (grouped into LUT with out node sum2)   --->   "%tmp_28 = trunc i64 %j_mid2 to i16" [WebModel.c:274]   --->   Operation 98 'trunc' 'tmp_28' <Predicate = (!exitcond_flatten2)> <Delay = 0.00>
ST_12 : Operation 99 [2/3] (8.54ns)   --->   "%tmp_3 = fmul float %B_load_2, %B_load" [WebModel.c:276]   --->   Operation 99 'fmul' 'tmp_3' <Predicate = (!exitcond_flatten2)> <Delay = 8.54> <Core = "FMul">   --->   Core 100 'FMul' <Latency = 2> <II = 1> <Delay = 8.54> <FuncUnit> <Opcode : 'fmul'> <InPorts = 2> <OutPorts = 1>
ST_12 : Operation 100 [1/1] (1.84ns) (out node of the LUT)   --->   "%sum2 = add i16 %tmp_28, %outrowidx_mid2" [WebModel.c:274]   --->   Operation 100 'add' 'sum2' <Predicate = (!exitcond_flatten2)> <Delay = 1.84> <Core = "AddSub">   --->   Core 14 'AddSub' <Latency = 0> <II = 1> <Delay = 1.82> <FuncUnit> <Opcode : 'add' 'sub'> <InPorts = 2> <OutPorts = 1>
ST_12 : Operation 101 [1/1] (0.00ns)   --->   "%sum2_cast = zext i16 %sum2 to i64" [WebModel.c:274]   --->   Operation 101 'zext' 'sum2_cast' <Predicate = (!exitcond_flatten2)> <Delay = 0.00>
ST_12 : Operation 102 [1/1] (0.00ns)   --->   "%C_addr_2 = getelementptr [26000 x float]* %C, i64 0, i64 %sum2_cast" [WebModel.c:276]   --->   Operation 102 'getelementptr' 'C_addr_2' <Predicate = (!exitcond_flatten2)> <Delay = 0.00>
ST_12 : Operation 103 [1/1] (2.99ns)   --->   "%j_1 = add i64 1, %j_mid2" [WebModel.c:274]   --->   Operation 103 'add' 'j_1' <Predicate = (!exitcond_flatten2)> <Delay = 2.99> <Core = "AddSub">   --->   Core 14 'AddSub' <Latency = 0> <II = 1> <Delay = 1.82> <FuncUnit> <Opcode : 'add' 'sub'> <InPorts = 2> <OutPorts = 1>
ST_12 : Operation 104 [1/1] (1.49ns)   --->   "%indvar_flatten_next = select i1 %exitcond_flatten, i128 1, i128 %indvar_flatten_op"   --->   Operation 104 'select' 'indvar_flatten_next' <Predicate = (!exitcond_flatten2)> <Delay = 1.49> <Core = "Sel">   --->   Core 26 'Sel' <Latency = 0> <II = 1> <Delay = 1.49> <FuncUnit> <Opcode : 'select'> <InPorts = 3> <OutPorts = 1>

State 13 <SV = 12> <Delay = 8.54>
ST_13 : Operation 105 [1/3] (8.54ns)   --->   "%tmp_3 = fmul float %B_load_2, %B_load" [WebModel.c:276]   --->   Operation 105 'fmul' 'tmp_3' <Predicate = (!exitcond_flatten2)> <Delay = 8.54> <Core = "FMul">   --->   Core 100 'FMul' <Latency = 2> <II = 1> <Delay = 8.54> <FuncUnit> <Opcode : 'fmul'> <InPorts = 2> <OutPorts = 1>
ST_13 : Operation 106 [2/2] (2.77ns)   --->   "%C_load = load float* %C_addr_2, align 4" [WebModel.c:276]   --->   Operation 106 'load' 'C_load' <Predicate = (!exitcond_flatten2)> <Delay = 2.77> <Core = "RAM">   --->   Core 37 'RAM' <Latency = 1> <II = 1> <Delay = 2.77> <Storage> <Opcode : 'load' 'store'> <Ports = 2> <Width = 32> <Depth = 26000> <RAM>

State 14 <SV = 13> <Delay = 9.28>
ST_14 : Operation 107 [1/2] (2.77ns)   --->   "%C_load = load float* %C_addr_2, align 4" [WebModel.c:276]   --->   Operation 107 'load' 'C_load' <Predicate = (!exitcond_flatten2)> <Delay = 2.77> <Core = "RAM">   --->   Core 37 'RAM' <Latency = 1> <II = 1> <Delay = 2.77> <Storage> <Opcode : 'load' 'store'> <Ports = 2> <Width = 32> <Depth = 26000> <RAM>
ST_14 : Operation 108 [5/5] (6.51ns)   --->   "%tmp_5 = fadd float %C_load, %tmp_3" [WebModel.c:276]   --->   Operation 108 'fadd' 'tmp_5' <Predicate = (!exitcond_flatten2)> <Delay = 6.51> <Core = "FAddSub">   --->   Core 99 'FAddSub' <Latency = 4> <II = 1> <Delay = 6.51> <FuncUnit> <Opcode : 'fadd' 'fsub'> <InPorts = 2> <OutPorts = 1>

State 15 <SV = 14> <Delay = 6.51>
ST_15 : Operation 109 [4/5] (6.51ns)   --->   "%tmp_5 = fadd float %C_load, %tmp_3" [WebModel.c:276]   --->   Operation 109 'fadd' 'tmp_5' <Predicate = (!exitcond_flatten2)> <Delay = 6.51> <Core = "FAddSub">   --->   Core 99 'FAddSub' <Latency = 4> <II = 1> <Delay = 6.51> <FuncUnit> <Opcode : 'fadd' 'fsub'> <InPorts = 2> <OutPorts = 1>

State 16 <SV = 15> <Delay = 6.51>
ST_16 : Operation 110 [3/5] (6.51ns)   --->   "%tmp_5 = fadd float %C_load, %tmp_3" [WebModel.c:276]   --->   Operation 110 'fadd' 'tmp_5' <Predicate = (!exitcond_flatten2)> <Delay = 6.51> <Core = "FAddSub">   --->   Core 99 'FAddSub' <Latency = 4> <II = 1> <Delay = 6.51> <FuncUnit> <Opcode : 'fadd' 'fsub'> <InPorts = 2> <OutPorts = 1>

State 17 <SV = 16> <Delay = 6.51>
ST_17 : Operation 111 [2/5] (6.51ns)   --->   "%tmp_5 = fadd float %C_load, %tmp_3" [WebModel.c:276]   --->   Operation 111 'fadd' 'tmp_5' <Predicate = (!exitcond_flatten2)> <Delay = 6.51> <Core = "FAddSub">   --->   Core 99 'FAddSub' <Latency = 4> <II = 1> <Delay = 6.51> <FuncUnit> <Opcode : 'fadd' 'fsub'> <InPorts = 2> <OutPorts = 1>

State 18 <SV = 17> <Delay = 9.28>
ST_18 : Operation 112 [1/1] (0.00ns)   --->   "%tmp_4 = call i32 (...)* @_ssdm_op_SpecRegionBegin([12 x i8]* @p_str4)" [WebModel.c:274]   --->   Operation 112 'specregionbegin' 'tmp_4' <Predicate = (!exitcond_flatten2)> <Delay = 0.00>
ST_18 : Operation 113 [1/1] (0.00ns)   --->   "call void (...)* @_ssdm_op_SpecPipeline(i32 -1, i32 1, i32 1, i32 0, [1 x i8]* @p_str2) nounwind" [WebModel.c:275]   --->   Operation 113 'specpipeline' <Predicate = (!exitcond_flatten2)> <Delay = 0.00>
ST_18 : Operation 114 [1/5] (6.51ns)   --->   "%tmp_5 = fadd float %C_load, %tmp_3" [WebModel.c:276]   --->   Operation 114 'fadd' 'tmp_5' <Predicate = (!exitcond_flatten2)> <Delay = 6.51> <Core = "FAddSub">   --->   Core 99 'FAddSub' <Latency = 4> <II = 1> <Delay = 6.51> <FuncUnit> <Opcode : 'fadd' 'fsub'> <InPorts = 2> <OutPorts = 1>
ST_18 : Operation 115 [1/1] (2.77ns)   --->   "store float %tmp_5, float* %C_addr_2, align 4" [WebModel.c:276]   --->   Operation 115 'store' <Predicate = (!exitcond_flatten2)> <Delay = 2.77> <Core = "RAM">   --->   Core 37 'RAM' <Latency = 1> <II = 1> <Delay = 2.77> <Storage> <Opcode : 'load' 'store'> <Ports = 2> <Width = 32> <Depth = 26000> <RAM>
ST_18 : Operation 116 [1/1] (0.00ns)   --->   "%empty = call i32 (...)* @_ssdm_op_SpecRegionEnd([12 x i8]* @p_str4, i32 %tmp_4)" [WebModel.c:277]   --->   Operation 116 'specregionend' 'empty' <Predicate = (!exitcond_flatten2)> <Delay = 0.00>
ST_18 : Operation 117 [1/1] (0.00ns)   --->   "br label %3" [WebModel.c:274]   --->   Operation 117 'br' <Predicate = (!exitcond_flatten2)> <Delay = 0.00>

State 19 <SV = 10> <Delay = 0.00>
ST_19 : Operation 118 [1/1] (0.00ns)   --->   "ret void" [WebModel.c:280]   --->   Operation 118 'ret' <Predicate = true> <Delay = 0.00>


============================================================
+ Verbose Summary: Timing violations
============================================================
Target clock period: 10ns, clock uncertainty: 1.25ns.

 <State 1>: 8.61ns
The critical path consists of the following:
	wire read on port 'outcols' [8]  (0 ns)
	'mul' operation ('tmp', WebModel.c:263) [11]  (8.61 ns)

 <State 2>: 8.61ns
The critical path consists of the following:
	'mul' operation ('tmp', WebModel.c:263) [11]  (8.61 ns)

 <State 3>: 8.61ns
The critical path consists of the following:
	'mul' operation ('bound') [30]  (8.61 ns)

 <State 4>: 8.61ns
The critical path consists of the following:
	'mul' operation ('bound') [30]  (8.61 ns)

 <State 5>: 8.61ns
The critical path consists of the following:
	'mul' operation ('bound5') [33]  (8.61 ns)

 <State 6>: 8.61ns
The critical path consists of the following:
	'mul' operation ('bound5') [33]  (8.61 ns)

 <State 7>: 6.35ns
The critical path consists of the following:
	'phi' operation ('i', WebModel.c:274) with incoming values : ('i_mid2', WebModel.c:274) [40]  (0 ns)
	'mul' operation ('inneridx', WebModel.c:272) [46]  (2.82 ns)
	'add' operation ('sum', WebModel.c:272) [47]  (3.53 ns)

 <State 8>: 8.16ns
The critical path consists of the following:
	'mul' operation ('tmp1_mid2_v', WebModel.c:269) [57]  (2.82 ns)
	'add' operation ('tmp1_mid2', WebModel.c:269) [58]  (3.53 ns)
	'add' operation ('sum3', WebModel.c:269) [82]  (1.81 ns)

 <State 9>: 9.74ns
The critical path consists of the following:
	'mul' operation ('inneridx_mid1', WebModel.c:272) [71]  (2.82 ns)
	'add' operation ('sum_mid1', WebModel.c:272) [72]  (3.53 ns)
	'select' operation ('sum_cast_mid2_v', WebModel.c:274) [73]  (0.616 ns)
	'getelementptr' operation ('B_addr', WebModel.c:276) [80]  (0 ns)
	'load' operation ('B_load_2', WebModel.c:276) on array 'B' [81]  (2.77 ns)

 <State 10>: 6.35ns
The critical path consists of the following:
	'mul' operation ('outrowidx', WebModel.c:271) [45]  (6.35 ns)

 <State 11>: 8.54ns
The critical path consists of the following:
	'fmul' operation ('tmp_3', WebModel.c:276) [86]  (8.54 ns)

 <State 12>: 8.54ns
The critical path consists of the following:
	'fmul' operation ('tmp_3', WebModel.c:276) [86]  (8.54 ns)

 <State 13>: 8.54ns
The critical path consists of the following:
	'fmul' operation ('tmp_3', WebModel.c:276) [86]  (8.54 ns)

 <State 14>: 9.29ns
The critical path consists of the following:
	'load' operation ('C_load', WebModel.c:276) on array 'C' [90]  (2.77 ns)
	'fadd' operation ('tmp_5', WebModel.c:276) [91]  (6.51 ns)

 <State 15>: 6.51ns
The critical path consists of the following:
	'fadd' operation ('tmp_5', WebModel.c:276) [91]  (6.51 ns)

 <State 16>: 6.51ns
The critical path consists of the following:
	'fadd' operation ('tmp_5', WebModel.c:276) [91]  (6.51 ns)

 <State 17>: 6.51ns
The critical path consists of the following:
	'fadd' operation ('tmp_5', WebModel.c:276) [91]  (6.51 ns)

 <State 18>: 9.29ns
The critical path consists of the following:
	'fadd' operation ('tmp_5', WebModel.c:276) [91]  (6.51 ns)
	'store' operation (WebModel.c:276) of variable 'tmp_5', WebModel.c:276 on array 'C' [92]  (2.77 ns)

 <State 19>: 0ns
The critical path consists of the following:


============================================================
+ Verbose Summary: Binding
============================================================
N/A
* FSMD analyzer results:
  - Output states:
 - Input state : 
  - Chain level:
	State 1
	State 2
	State 3
	State 4
	State 5
	State 6
	State 7
	State 8
	State 9
	State 10
	State 11
	State 12
	State 13
	State 14
	State 15
	State 16
	State 17
	State 18
	State 19


============================================================
+ Verbose Summary: Datapath Resource usage 
============================================================
N/A
