

================================================================
== Vivado HLS Report for 'WebModel'
================================================================
* Date:           Tue Apr 23 20:38:14 2024

* Version:        2018.2 (Build 2258646 on Thu Jun 14 20:25:20 MDT 2018)
* Project:        Webmodel_final
* Solution:       solution1
* Product family: artix7
* Target device:  xc7a200tsbv484-2


================================================================
== Performance Estimates
================================================================
+ Timing (ns): 
    * Summary: 
    +--------+-------+----------+------------+
    |  Clock | Target| Estimated| Uncertainty|
    +--------+-------+----------+------------+
    |ap_clk  |  10.00|     9.286|        1.25|
    +--------+-------+----------+------------+

+ Latency (clock cycles): 
    * Summary: 
    +-----+-----+-----+-----+---------+
    |  Latency  |  Interval | Pipeline|
    | min | max | min | max |   Type  |
    +-----+-----+-----+-----+---------+
    |    ?|    ?|    ?|    ?|   none  |
    +-----+-----+-----+-----+---------+

    + Detail: 
        * Instance: 
        +------------------------+-------------+-----+-----+-----+-----+---------+
        |                        |             |  Latency  |  Interval | Pipeline|
        |        Instance        |    Module   | min | max | min | max |   Type  |
        +------------------------+-------------+-----+-----+-----+-----+---------+
        |grp_k2c_dense_fu_569    |k2c_dense    |    ?|    ?|    ?|    ?|   none  |
        |grp_k2c_dense_1_fu_594  |k2c_dense_1  |    ?|    ?|    ?|    ?|   none  |
        |grp_k2c_dense_2_fu_618  |k2c_dense_2  |    ?|    ?|    ?|    ?|   none  |
        +------------------------+-------------+-----+-----+-----+-----+---------+

        * Loop: 
        +----------+-------+-------+----------+-----------+-----------+-------+----------+
        |          |    Latency    | Iteration|  Initiation Interval  |  Trip |          |
        | Loop Name|  min  |  max  |  Latency |  achieved |   target  | Count | Pipelined|
        +----------+-------+-------+----------+-----------+-----------+-------+----------+
        |- Loop 1  |     64|     64|         2|          1|          1|     64|    yes   |
        |- Loop 2  |  25536|  25536|         2|          1|          1|  25536|    yes   |
        |- Loop 3  |   4096|   4096|         2|          1|          1|   4096|    yes   |
        +----------+-------+-------+----------+-----------+-----------+-------+----------+



================================================================
== Utilization Estimates
================================================================
* Summary: 
+-----------------+---------+-------+--------+--------+
|       Name      | BRAM_18K| DSP48E|   FF   |   LUT  |
+-----------------+---------+-------+--------+--------+
|DSP              |        -|      -|       -|       -|
|Expression       |        -|      -|       0|     106|
|FIFO             |        -|      -|       -|       -|
|Instance         |       82|    387|  140497|  111558|
|Memory           |      607|      -|       0|       0|
|Multiplexer      |        -|      -|       -|     977|
|Register         |        -|      -|     109|       -|
+-----------------+---------+-------+--------+--------+
|Total            |      689|    387|  140606|  112641|
+-----------------+---------+-------+--------+--------+
|Available        |      730|    740|  269200|  129000|
+-----------------+---------+-------+--------+--------+
|Utilization (%)  |       94|     52|      52|      87|
+-----------------+---------+-------+--------+--------+

+ Detail: 
    * Instance: 
    +------------------------+-------------+---------+-------+-------+-------+
    |        Instance        |    Module   | BRAM_18K| DSP48E|   FF  |  LUT  |
    +------------------------+-------------+---------+-------+-------+-------+
    |grp_k2c_dense_fu_569    |k2c_dense    |        2|    134|  47782|  38449|
    |grp_k2c_dense_1_fu_594  |k2c_dense_1  |       16|    127|  46592|  36607|
    |grp_k2c_dense_2_fu_618  |k2c_dense_2  |       64|    126|  46123|  36502|
    +------------------------+-------------+---------+-------+-------+-------+
    |Total                   |             |       82|    387| 140497| 111558|
    +------------------------+-------------+---------+-------+-------+-------+

    * DSP48: 
    N/A

    * Memory: 
    +--------------------------+----------------------+---------+---+----+-------+-----+------+-------------+
    |          Memory          |        Module        | BRAM_18K| FF| LUT| Words | Bits| Banks| W*Bits*Banks|
    +--------------------------+----------------------+---------+---+----+-------+-----+------+-------------+
    |dense_69_kernel_arra_U    |WebModel_dense_69Aem  |       64|  0|   0|  25536|   32|     1|       817152|
    |dense_69_kernel_arra_3_U  |WebModel_dense_69DeQ  |       16|  0|   0|   6500|   32|     1|       208000|
    |dense_69_kernel_arra_2_U  |WebModel_dense_69DeQ  |       16|  0|   0|   6500|   32|     1|       208000|
    |dense_69_kernel_arra_1_U  |WebModel_dense_69DeQ  |       16|  0|   0|   6500|   32|     1|       208000|
    |dense_69_kernel_arra_4_U  |WebModel_dense_69DeQ  |       16|  0|   0|   6500|   32|     1|       208000|
    |dense_69_kernel_shap_U    |WebModel_dense_69Hfu  |        4|  0|   0|      5|   64|     1|          320|
    |dense_69_output_shap_U    |WebModel_dense_69Hfu  |        4|  0|   0|      5|   64|     1|          320|
    |dense_70_kernel_shap_U    |WebModel_dense_69Hfu  |        4|  0|   0|      5|   64|     1|          320|
    |dense_70_output_shap_U    |WebModel_dense_69Hfu  |        4|  0|   0|      5|   64|     1|          320|
    |dense_71_kernel_shap_U    |WebModel_dense_69Hfu  |        4|  0|   0|      5|   64|     1|          320|
    |dense_69_bias_array_U     |WebModel_dense_69xdS  |        1|  0|   0|     64|   32|     1|         2048|
    |dense_70_kernel_arra_U    |WebModel_dense_70Bew  |        8|  0|   0|   4096|   32|     1|       131072|
    |dense_70_output_arra_U    |WebModel_dense_70sc4  |       64|  0|   0|  26000|   32|     1|       832000|
    |dense_69_output_arra_U    |WebModel_dense_70sc4  |       64|  0|   0|  26000|   32|     1|       832000|
    |dense_70_bias_array_U     |WebModel_dense_70tde  |        1|  0|   0|     64|   32|     1|         2048|
    |dense_70_bias_array_2_U   |WebModel_dense_70udo  |       64|  0|   0|  26000|   32|     1|       832000|
    |dense_71_kernel_arra_0_U  |WebModel_dense_70udo  |       64|  0|   0|  26000|   32|     1|       832000|
    |dense_69_bias_array_5_U   |WebModel_dense_70udo  |       64|  0|   0|  26000|   32|     1|       832000|
    |dense_70_kernel_arra_1_U  |WebModel_dense_70udo  |       64|  0|   0|  26000|   32|     1|       832000|
    |dense_71_bias_array_U     |WebModel_dense_70udo  |       64|  0|   0|  26000|   32|     1|       832000|
    |dense_71_kernel_arra_U    |WebModel_dense_71vdy  |        1|  0|   0|     64|   32|     1|         2048|
    +--------------------------+----------------------+---------+---+----+-------+-----+------+-------------+
    |Total                     |                      |      607|  0|   0| 237849|  832|    21|      7611968|
    +--------------------------+----------------------+---------+---+----+-------+-----+------+-------------+

    * FIFO: 
    N/A

    * Expression: 
    +-------------------------+----------+-------+---+----+------------+------------+
    |      Variable Name      | Operation| DSP48E| FF| LUT| Bitwidth P0| Bitwidth P1|
    +-------------------------+----------+-------+---+----+------------+------------+
    |b2_1_fu_695_p2           |     +    |      0|  0|  22|          15|           1|
    |b4_1_fu_664_p2           |     +    |      0|  0|  15|           7|           1|
    |b5_1_fu_745_p2           |     +    |      0|  0|  20|          13|           1|
    |tmp_13_fu_739_p2         |   icmp   |      0|  0|  13|          13|          14|
    |tmp_fu_658_p2            |   icmp   |      0|  0|  11|           7|           8|
    |tmp_s_fu_689_p2          |   icmp   |      0|  0|  13|          15|          14|
    |ap_enable_pp0            |    xor   |      0|  0|   2|           1|           2|
    |ap_enable_pp1            |    xor   |      0|  0|   2|           1|           2|
    |ap_enable_pp2            |    xor   |      0|  0|   2|           1|           2|
    |ap_enable_reg_pp0_iter1  |    xor   |      0|  0|   2|           2|           1|
    |ap_enable_reg_pp1_iter1  |    xor   |      0|  0|   2|           2|           1|
    |ap_enable_reg_pp2_iter1  |    xor   |      0|  0|   2|           2|           1|
    +-------------------------+----------+-------+---+----+------------+------------+
    |Total                    |          |      0|  0| 106|          79|          48|
    +-------------------------+----------+-------+---+----+------------+------------+

    * Multiplexer: 
    +---------------------------------+----+-----------+-----+-----------+
    |               Name              | LUT| Input Size| Bits| Total Bits|
    +---------------------------------+----+-----------+-----+-----------+
    |ap_NS_fsm                        |  89|         18|    1|         18|
    |ap_enable_reg_pp0_iter1          |  15|          3|    1|          3|
    |ap_enable_reg_pp1_iter1          |  15|          3|    1|          3|
    |ap_enable_reg_pp2_iter1          |  15|          3|    1|          3|
    |b2_reg_547                       |   9|          2|   15|         30|
    |b4_reg_536                       |   9|          2|    7|         14|
    |b5_reg_558                       |   9|          2|   13|         26|
    |dense_69_bias_array_5_address0   |  15|          3|   15|         45|
    |dense_69_bias_array_5_ce0        |  15|          3|    1|          3|
    |dense_69_kernel_arra_1_address0  |  15|          3|   13|         39|
    |dense_69_kernel_arra_1_ce0       |  15|          3|    1|          3|
    |dense_69_kernel_arra_2_address0  |  15|          3|   13|         39|
    |dense_69_kernel_arra_2_ce0       |  15|          3|    1|          3|
    |dense_69_kernel_arra_3_address0  |  15|          3|   13|         39|
    |dense_69_kernel_arra_3_ce0       |  15|          3|    1|          3|
    |dense_69_kernel_arra_4_address0  |  15|          3|   13|         39|
    |dense_69_kernel_arra_4_ce0       |  15|          3|    1|          3|
    |dense_69_kernel_shap_address0    |  27|          5|    3|         15|
    |dense_69_kernel_shap_address1    |  15|          3|    3|          9|
    |dense_69_kernel_shap_ce0         |  15|          3|    1|          3|
    |dense_69_kernel_shap_d0          |  21|          4|   64|        256|
    |dense_69_output_arra_address0    |  21|          4|   15|         60|
    |dense_69_output_arra_ce0         |  21|          4|    1|          4|
    |dense_69_output_arra_ce1         |   9|          2|    1|          2|
    |dense_69_output_arra_d0          |  15|          3|   32|         96|
    |dense_69_output_arra_we0         |  15|          3|    1|          3|
    |dense_69_output_arra_we1         |   9|          2|    1|          2|
    |dense_69_output_shap_address0    |  27|          5|    3|         15|
    |dense_69_output_shap_address1    |  15|          3|    3|          9|
    |dense_69_output_shap_ce0         |  15|          3|    1|          3|
    |dense_69_output_shap_d0          |  15|          3|   64|        192|
    |dense_70_bias_array_2_address0   |  15|          3|   15|         45|
    |dense_70_bias_array_2_ce0        |  15|          3|    1|          3|
    |dense_70_kernel_arra_1_address0  |  15|          3|   15|         45|
    |dense_70_kernel_arra_1_ce0       |  15|          3|    1|          3|
    |dense_70_kernel_shap_address0    |  27|          5|    3|         15|
    |dense_70_kernel_shap_address1    |  15|          3|    3|          9|
    |dense_70_kernel_shap_ce0         |  15|          3|    1|          3|
    |dense_70_kernel_shap_d0          |  15|          3|   64|        192|
    |dense_70_output_arra_address0    |  21|          4|   15|         60|
    |dense_70_output_arra_ce0         |  21|          4|    1|          4|
    |dense_70_output_arra_ce1         |   9|          2|    1|          2|
    |dense_70_output_arra_d0          |  15|          3|   32|         96|
    |dense_70_output_arra_we0         |  15|          3|    1|          3|
    |dense_70_output_arra_we1         |   9|          2|    1|          2|
    |dense_70_output_shap_address0    |  27|          5|    3|         15|
    |dense_70_output_shap_address1    |  15|          3|    3|          9|
    |dense_70_output_shap_ce0         |  15|          3|    1|          3|
    |dense_70_output_shap_d0          |  15|          3|   64|        192|
    |dense_71_bias_array_address0     |  15|          3|   15|         45|
    |dense_71_bias_array_ce0          |  15|          3|    1|          3|
    |dense_71_kernel_arra_0_address0  |  15|          3|   15|         45|
    |dense_71_kernel_arra_0_ce0       |  15|          3|    1|          3|
    |dense_71_kernel_shap_address0    |  27|          5|    3|         15|
    |dense_71_kernel_shap_address1    |  15|          3|    3|          9|
    |dense_71_kernel_shap_ce0         |  15|          3|    1|          3|
    |dense_71_kernel_shap_d0          |  15|          3|   64|        192|
    +---------------------------------+----+-----------+-----+-----------+
    |Total                            | 977|        194|  632|       1998|
    +---------------------------------+----+-----------+-----+-----------+

    * Register: 
    +-------------------------------------+----+----+-----+-----------+
    |                 Name                | FF | LUT| Bits| Const Bits|
    +-------------------------------------+----+----+-----+-----------+
    |ap_CS_fsm                            |  17|   0|   17|          0|
    |ap_enable_reg_pp0_iter0              |   1|   0|    1|          0|
    |ap_enable_reg_pp0_iter1              |   1|   0|    1|          0|
    |ap_enable_reg_pp1_iter0              |   1|   0|    1|          0|
    |ap_enable_reg_pp1_iter1              |   1|   0|    1|          0|
    |ap_enable_reg_pp2_iter0              |   1|   0|    1|          0|
    |ap_enable_reg_pp2_iter1              |   1|   0|    1|          0|
    |b2_reg_547                           |  15|   0|   15|          0|
    |b4_cast3_reg_846                     |   7|   0|   64|         57|
    |b4_reg_536                           |   7|   0|    7|          0|
    |b5_cast1_reg_902                     |  13|   0|   64|         51|
    |b5_reg_558                           |  13|   0|   13|          0|
    |dense_69_output_ndim                 |   1|   0|   64|         63|
    |dense_69_output_nume                 |   1|   0|   64|         63|
    |dense_70_bias_numel                  |   1|   0|   64|         63|
    |dense_70_kernel_ndim                 |   1|   0|   64|         63|
    |dense_70_kernel_nume                 |   1|   0|   64|         63|
    |dense_70_output_ndim                 |   1|   0|   64|         63|
    |dense_70_output_nume                 |   1|   0|   64|         63|
    |dense_71_bias_numel                  |   1|   0|   64|         63|
    |dense_71_kernel_ndim                 |   1|   0|   64|         63|
    |dense_71_kernel_nume                 |   1|   0|   64|         63|
    |grp_k2c_dense_1_fu_594_ap_start_reg  |   1|   0|    1|          0|
    |grp_k2c_dense_2_fu_618_ap_start_reg  |   1|   0|    1|          0|
    |grp_k2c_dense_fu_569_ap_start_reg    |   1|   0|    1|          0|
    |newIndex_reg_888                     |  13|   0|   13|          0|
    |reg_652                              |   1|   0|   64|         63|
    |tmp_13_reg_893                       |   1|   0|    1|          0|
    |tmp_80_reg_884                       |   2|   0|    2|          0|
    |tmp_reg_837                          |   1|   0|    1|          0|
    +-------------------------------------+----+----+-----+-----------+
    |Total                                | 109|   0|  910|        801|
    +-------------------------------------+----+----+-----+-----------+



================================================================
== Interface
================================================================
* Summary: 
+-------------------------------------+-----+-----+------------+----------------------------+--------------+
|              RTL Ports              | Dir | Bits|  Protocol  |        Source Object       |    C Type    |
+-------------------------------------+-----+-----+------------+----------------------------+--------------+
|ap_clk                               |  in |    1| ap_ctrl_hs |          WebModel          | return value |
|ap_rst                               |  in |    1| ap_ctrl_hs |          WebModel          | return value |
|ap_start                             |  in |    1| ap_ctrl_hs |          WebModel          | return value |
|ap_done                              | out |    1| ap_ctrl_hs |          WebModel          | return value |
|ap_idle                              | out |    1| ap_ctrl_hs |          WebModel          | return value |
|ap_ready                             | out |    1| ap_ctrl_hs |          WebModel          | return value |
|dense_69_input_input_array_address0  | out |   15|  ap_memory | dense_69_input_input_array |     array    |
|dense_69_input_input_array_ce0       | out |    1|  ap_memory | dense_69_input_input_array |     array    |
|dense_69_input_input_array_q0        |  in |   32|  ap_memory | dense_69_input_input_array |     array    |
|dense_69_input_input_ndim            |  in |   64|   ap_none  |  dense_69_input_input_ndim |    pointer   |
|dense_69_input_input_numel           |  in |   64|   ap_none  | dense_69_input_input_numel |    pointer   |
|dense_69_input_input_shape_address0  | out |    3|  ap_memory | dense_69_input_input_shape |     array    |
|dense_69_input_input_shape_ce0       | out |    1|  ap_memory | dense_69_input_input_shape |     array    |
|dense_69_input_input_shape_q0        |  in |   64|  ap_memory | dense_69_input_input_shape |     array    |
|dense_71_output_array_address0       | out |   15|  ap_memory |    dense_71_output_array   |     array    |
|dense_71_output_array_ce0            | out |    1|  ap_memory |    dense_71_output_array   |     array    |
|dense_71_output_array_we0            | out |    1|  ap_memory |    dense_71_output_array   |     array    |
|dense_71_output_array_d0             | out |   32|  ap_memory |    dense_71_output_array   |     array    |
|dense_71_output_array_q0             |  in |   32|  ap_memory |    dense_71_output_array   |     array    |
|dense_71_output_array_address1       | out |   15|  ap_memory |    dense_71_output_array   |     array    |
|dense_71_output_array_ce1            | out |    1|  ap_memory |    dense_71_output_array   |     array    |
|dense_71_output_array_we1            | out |    1|  ap_memory |    dense_71_output_array   |     array    |
|dense_71_output_array_d1             | out |   32|  ap_memory |    dense_71_output_array   |     array    |
|dense_71_output_array_q1             |  in |   32|  ap_memory |    dense_71_output_array   |     array    |
|dense_71_output_ndim                 |  in |   64|   ap_none  |    dense_71_output_ndim    |    pointer   |
|dense_71_output_numel                |  in |   64|   ap_none  |    dense_71_output_numel   |    pointer   |
|dense_71_output_shape_address0       | out |    3|  ap_memory |    dense_71_output_shape   |     array    |
|dense_71_output_shape_ce0            | out |    1|  ap_memory |    dense_71_output_shape   |     array    |
|dense_71_output_shape_we0            | out |    1|  ap_memory |    dense_71_output_shape   |     array    |
|dense_71_output_shape_d0             | out |   64|  ap_memory |    dense_71_output_shape   |     array    |
|dense_71_output_shape_q0             |  in |   64|  ap_memory |    dense_71_output_shape   |     array    |
|dense_71_output_shape_address1       | out |    3|  ap_memory |    dense_71_output_shape   |     array    |
|dense_71_output_shape_ce1            | out |    1|  ap_memory |    dense_71_output_shape   |     array    |
|dense_71_output_shape_we1            | out |    1|  ap_memory |    dense_71_output_shape   |     array    |
|dense_71_output_shape_d1             | out |   64|  ap_memory |    dense_71_output_shape   |     array    |
|dense_71_output_shape_q1             |  in |   64|  ap_memory |    dense_71_output_shape   |     array    |
+-------------------------------------+-----+-----+------------+----------------------------+--------------+

